Component: ARM Compiler 5.06 update 6 (build 750) Tool: armlink [4d35ed]

==============================================================================

Section Cross References

    main.o(i.ADC_IRQnHandler) refers to _printf_percent.o(.ARM.Collect$$_printf_percent$$00000000) for _printf_percent
    main.o(i.ADC_IRQnHandler) refers to _printf_d.o(.ARM.Collect$$_printf_percent$$00000009) for _printf_d
    main.o(i.ADC_IRQnHandler) refers to _printf_dec.o(.text) for _printf_int_dec
    main.o(i.ADC_IRQnHandler) refers to noretval__2sprintf.o(.text) for __2sprintf
    main.o(i.ADC_IRQnHandler) refers to lcd_write.o(i.lcd_write_string) for lcd_write_string
    main.o(i.ADC_IRQnHandler) refers to main.o(.constdata) for .constdata
    main.o(i.TIMER0_IRQHandler) refers to fflt_clz.o(x$fpl$ffltu) for __aeabi_ui2f
    main.o(i.TIMER0_IRQHandler) refers to main.o(.data) for .data
    main.o(i.main) refers to calloc.o(.text) for calloc
    main.o(i.main) refers to init.o(i.init) for init
    main.o(i.main) refers to dft.o(i.fft) for fft
    main.o(i.main) refers to lcd_write.o(i.draw_chart) for draw_chart
    main.o(i.main) refers to main.o(.data) for .data
    open1768_lcd.o(i.lcdRead) refers to open1768_lcd.o(i.wait_delay) for wait_delay
    open1768_lcd.o(i.lcdReadData) refers to open1768_lcd.o(i.wait_delay) for wait_delay
    open1768_lcd.o(i.lcdReadData) refers to open1768_lcd.o(i.lcdRead) for lcdRead
    open1768_lcd.o(i.lcdReadReg) refers to open1768_lcd.o(i.lcdWriteIndex) for lcdWriteIndex
    open1768_lcd.o(i.lcdReadReg) refers to open1768_lcd.o(i.lcdReadData) for lcdReadData
    open1768_lcd.o(i.lcdSetCursor) refers to open1768_lcd.o(i.lcdWriteReg) for lcdWriteReg
    open1768_lcd.o(i.lcdWriteData) refers to open1768_lcd.o(i.lcdSend) for lcdSend
    open1768_lcd.o(i.lcdWriteData) refers to open1768_lcd.o(i.wait_delay) for wait_delay
    open1768_lcd.o(i.lcdWriteIndex) refers to open1768_lcd.o(i.lcdSend) for lcdSend
    open1768_lcd.o(i.lcdWriteIndex) refers to open1768_lcd.o(i.wait_delay) for wait_delay
    open1768_lcd.o(i.lcdWriteReg) refers to open1768_lcd.o(i.lcdWriteIndex) for lcdWriteIndex
    open1768_lcd.o(i.lcdWriteReg) refers to open1768_lcd.o(i.lcdWriteData) for lcdWriteData
    lcd_ili9325.o(i.init_ILI9325) refers to open1768_lcd.o(i.lcdWriteReg) for lcdWriteReg
    lcd_ili9325.o(i.init_ILI9325) refers to lcd_ili9325.o(i.delay_ms) for delay_ms
    asciilib.o(i.GetASCIICode) refers to rt_memcpy_v6.o(.text) for __aeabi_memcpy
    asciilib.o(i.GetASCIICode) refers to asciilib.o(.constdata) for .constdata
    tp_open1768.o(i.touchpanelGetXY) refers to tp_open1768.o(i.touchpanelReadX) for touchpanelReadX
    tp_open1768.o(i.touchpanelGetXY) refers to tp_open1768.o(i.touchpanelDelayUS) for touchpanelDelayUS
    tp_open1768.o(i.touchpanelGetXY) refers to tp_open1768.o(i.touchpanelReadY) for touchpanelReadY
    tp_open1768.o(i.touchpanelInit) refers to tp_open1768.o(i.touchpanelDriverDataBusInit) for touchpanelDriverDataBusInit
    tp_open1768.o(i.touchpanelReadAddress) refers to tp_open1768.o(i.touchpanelWriteCmd) for touchpanelWriteCmd
    tp_open1768.o(i.touchpanelReadAddress) refers to tp_open1768.o(i.touchpanelDelayUS) for touchpanelDelayUS
    tp_open1768.o(i.touchpanelReadX) refers to tp_open1768.o(i.touchpanelDelayUS) for touchpanelDelayUS
    tp_open1768.o(i.touchpanelReadX) refers to tp_open1768.o(i.touchpanelWriteCmd) for touchpanelWriteCmd
    tp_open1768.o(i.touchpanelReadX) refers to tp_open1768.o(i.touchpanelReadAddress) for touchpanelReadAddress
    tp_open1768.o(i.touchpanelReadY) refers to tp_open1768.o(i.touchpanelDelayUS) for touchpanelDelayUS
    tp_open1768.o(i.touchpanelReadY) refers to tp_open1768.o(i.touchpanelWriteCmd) for touchpanelWriteCmd
    tp_open1768.o(i.touchpanelReadY) refers to tp_open1768.o(i.touchpanelReadAddress) for touchpanelReadAddress
    lcd_write.o(i.clear) refers to open1768_lcd.o(i.lcdWriteReg) for lcdWriteReg
    lcd_write.o(i.draw_chart) refers to lcd_write.o(i.clear) for clear
    lcd_write.o(i.draw_chart) refers to fmul.o(x$fpl$fmul) for __aeabi_fmul
    lcd_write.o(i.draw_chart) refers to faddsub_clz.o(x$fpl$fadd) for __aeabi_fadd
    lcd_write.o(i.draw_chart) refers to f2d.o(x$fpl$f2d) for __aeabi_f2d
    lcd_write.o(i.draw_chart) refers to sqrt.o(i.sqrt) for sqrt
    lcd_write.o(i.draw_chart) refers to ddiv.o(x$fpl$ddiv) for __aeabi_ddiv
    lcd_write.o(i.draw_chart) refers to dfixu.o(x$fpl$dfixu) for __aeabi_d2uiz
    lcd_write.o(i.draw_chart) refers to lcd_write.o(i.lcd_draw_rectangle) for lcd_draw_rectangle
    lcd_write.o(i.lcd_draw_line) refers to open1768_lcd.o(i.lcdSetCursor) for lcdSetCursor
    lcd_write.o(i.lcd_draw_line) refers to open1768_lcd.o(i.lcdWriteReg) for lcdWriteReg
    lcd_write.o(i.lcd_draw_rectangle) refers to lcd_write.o(i.lcd_draw_line) for lcd_draw_line
    lcd_write.o(i.lcd_write_char) refers to open1768_lcd.o(i.lcdSetCursor) for lcdSetCursor
[...]
    sys_exit.o(.text) refers (Special) to indicate_semi.o(.text) for __semihosting_library_function
    rtexit2.o(.ARM.Collect$$rtexit$$00000003) refers to libshutdown.o(.ARM.Collect$$libshutdown$$00000000) for __rt_lib_shutdown
    rtexit2.o(.ARM.Collect$$rtexit$$00000004) refers to sys_exit.o(.text) for _sys_exit
    rtexit2.o(.ARM.exidx) refers to rtexit2.o(.ARM.Collect$$rtexit$$00000001) for .ARM.Collect$$rtexit$$00000001
    rtexit2.o(.ARM.exidx) refers to rtexit2.o(.ARM.Collect$$rtexit$$00000003) for .ARM.Collect$$rtexit$$00000003
    rtexit2.o(.ARM.exidx) refers to rtexit2.o(.ARM.Collect$$rtexit$$00000004) for .ARM.Collect$$rtexit$$00000004
    __raise.o(.text) refers to defsig.o(CL$$defsig) for __default_signal_handler
    defsig_general.o(.text) refers to sys_wrch.o(.text) for _ttywrch
    libshutdown2.o(.ARM.Collect$$libshutdown$$0000000D) refers (Weak) to term_alloc.o(.text) for _terminate_alloc
    trapv.o(x$fpl$trapveneer) refers (Special) to usenofp.o(x$fpl$usenofp) for __I$use$fp
    sys_wrch.o(.text) refers (Special) to use_no_semi.o(.text) for __I$use$semihosting
    sys_wrch.o(.text) refers (Special) to indicate_semi.o(.text) for __semihosting_library_function
    defsig.o(CL$$defsig) refers to defsig_fpe_inner.o(.text) for __rt_SIGFPE_inner
    defsig.o(CL$$defsig) refers to defsig_rtmem_inner.o(.text) for __rt_SIGRTMEM_inner
    libshutdown.o(.ARM.Collect$$libshutdown$$00000000) refers (Special) to libshutdown2.o(.ARM.Collect$$libshutdown$$00000002) for __rt_lib_shutdown_cpp_1
    libshutdown.o(.ARM.Collect$$libshutdown$$00000000) refers (Special) to libshutdown2.o(.ARM.Collect$$libshutdown$$00000007) for __rt_lib_shutdown_fp_trap_1
    libshutdown.o(.ARM.Collect$$libshutdown$$00000000) refers (Special) to libshutdown2.o(.ARM.Collect$$libshutdown$$0000000F) for __rt_lib_shutdown_heap_1
    libshutdown.o(.ARM.Collect$$libshutdown$$00000000) refers (Special) to libshutdown2.o(.ARM.Collect$$libshutdown$$00000010) for __rt_lib_shutdown_return
    libshutdown.o(.ARM.Collect$$libshutdown$$00000000) refers (Special) to libshutdown2.o(.ARM.Collect$$libshutdown$$0000000A) for __rt_lib_shutdown_signal_1
    libshutdown.o(.ARM.Collect$$libshutdown$$00000000) refers (Special) to libshutdown2.o(.ARM.Collect$$libshutdown$$00000004) for __rt_lib_shutdown_stdio_1
    libshutdown.o(.ARM.Collect$$libshutdown$$00000000) refers (Special) to libshutdown2.o(.ARM.Collect$$libshutdown$$0000000C) for __rt_lib_shutdown_user_alloc_1
    defsig_abrt_inner.o(.text) refers to defsig_general.o(.text) for __default_signal_display
    defsig_rtred_inner.o(.text) refers to defsig_general.o(.text) for __default_signal_display
    defsig_stak_inner.o(.text) refers to defsig_general.o(.text) for __default_signal_display
    defsig_pvfn_inner.o(.text) refers to defsig_general.o(.text) for __default_signal_display
    defsig_cppl_inner.o(.text) refers to defsig_general.o(.text) for __default_signal_display
    defsig_segv_inner.o(.text) refers to defsig_general.o(.text) for __default_signal_display
    defsig_other.o(.text) refers to defsig_general.o(.text) for __default_signal_display


==============================================================================

Removing Unused input sections from the image.

    Removing main.o(.rev16_text), (4 bytes).
    Removing main.o(.revsh_text), (4 bytes).
    Removing main.o(.rrx_text), (6 bytes).
    Removing main.o(i.ADC_IRQnHandler), (56 bytes).
    Removing main.o(i.disable_timer), (10 bytes).
    Removing main.o(i.enable_timer), (10 bytes).
    Removing main.o(.constdata), (8 bytes).
    Removing open1768_lcd.o(.rev16_text), (4 bytes).
    Removing open1768_lcd.o(.revsh_text), (4 bytes).
    Removing open1768_lcd.o(.rrx_text), (6 bytes).
    Removing lcd_ili9325.o(.rev16_text), (4 bytes).
    Removing lcd_ili9325.o(.revsh_text), (4 bytes).
    Removing lcd_ili9325.o(.rrx_text), (6 bytes).
    Removing asciilib.o(i.GetASCIICode), (36 bytes).
    Removing asciilib.o(.constdata), (3040 bytes).
    Removing tp_open1768.o(.rev16_text), (4 bytes).
    Removing tp_open1768.o(.revsh_text), (4 bytes).
    Removing tp_open1768.o(.rrx_text), (6 bytes).
    Removing tp_open1768.o(i.touchpanelDelayUS), (40 bytes).
    Removing tp_open1768.o(i.touchpanelDriverDataBusInit), (96 bytes).
    Removing tp_open1768.o(i.touchpanelGetXY), (28 bytes).
    Removing tp_open1768.o(i.touchpanelInit), (32 bytes).
    Removing tp_open1768.o(i.touchpanelReadAddress), (36 bytes).
    Removing tp_open1768.o(i.touchpanelReadX), (40 bytes).
    Removing tp_open1768.o(i.touchpanelReadY), (40 bytes).
    Removing tp_open1768.o(i.touchpanelWriteCmd), (32 bytes).
    Removing lcd_write.o(.rev16_text), (4 bytes).
    Removing lcd_write.o(.revsh_text), (4 bytes).
    Removing lcd_write.o(.rrx_text), (6 bytes).
    Removing lcd_write.o(i.lcd_write_char), (148 bytes).
    Removing lcd_write.o(i.lcd_write_string), (48 bytes).
    Removing lcd_paint.o(.rev16_text), (4 bytes).
    Removing lcd_paint.o(.revsh_text), (4 bytes).
    Removing lcd_paint.o(.rrx_text), (6 bytes).
    Removing lcd_paint.o(i.lcd_clear), (38 bytes).
    Removing dft.o(i.ifft), (316 bytes).
    Removing init.o(.rev16_text), (4 bytes).
    Removing init.o(.revsh_text), (4 bytes).
    Removing init.o(.rrx_text), (6 bytes).
    Removing buttons_open1768.o(.rev16_text), (4 bytes).
    Removing buttons_open1768.o(.revsh_text), (4 bytes).
    Removing buttons_open1768.o(.rrx_text), (6 bytes).
    Removing buttons_open1768.o(i.Buttons_GetCount), (4 bytes).
    Removing buttons_open1768.o(i.Buttons_GetState), (52 bytes).
    Removing buttons_open1768.o(i.Buttons_Initialize), (64 bytes).
    Removing buttons_open1768.o(i.Buttons_Uninitialize), (44 bytes).
    Removing buttons_open1768.o(.constdata), (4 bytes).
    Removing joystick_open1768.o(.rev16_text), (4 bytes).
    Removing joystick_open1768.o(.revsh_text), (4 bytes).
    Removing joystick_open1768.o(.rrx_text), (6 bytes).
    Removing joystick_open1768.o(i.Joystick_GetState), (76 bytes).
    Removing joystick_open1768.o(i.Joystick_Initialize), (64 bytes).
    Removing joystick_open1768.o(i.Joystick_Uninitialize), (44 bytes).
    Removing joystick_open1768.o(.constdata), (10 bytes).
    Removing led_open1768.o(.rev16_text), (4 bytes).
    Removing led_open1768.o(.revsh_text), (4 bytes).
    Removing led_open1768.o(.rrx_text), (6 bytes).
    Removing led_open1768.o(i.LED_GetCount), (4 bytes).
    Removing led_open1768.o(i.LED_Initialize), (76 bytes).
    Removing led_open1768.o(i.LED_Off), (40 bytes).
    Removing led_open1768.o(i.LED_On), (40 bytes).
    Removing led_open1768.o(i.LED_SetOut), (38 bytes).
    Removing led_open1768.o(i.LED_Uninitialize), (44 bytes).
    Removing led_open1768.o(.constdata), (16 bytes).
    Removing gpio_lpc17xx.o(.rev16_text), (4 bytes).
    Removing gpio_lpc17xx.o(.revsh_text), (4 bytes).
    Removing gpio_lpc17xx.o(.rrx_text), (6 bytes).
    Removing gpio_lpc17xx.o(i.GPIO_PinRead), (24 bytes).
    Removing gpio_lpc17xx.o(i.GPIO_PinWrite), (24 bytes).
    Removing gpio_lpc17xx.o(i.GPIO_PortClock), (28 bytes).
    Removing gpio_lpc17xx.o(i.GPIO_PortRead), (16 bytes).
    Removing gpio_lpc17xx.o(i.GPIO_PortWrite), (20 bytes).
    Removing gpio_lpc17xx.o(i.GPIO_SetDir), (32 bytes).
    Removing pin_lpc17xx.o(.rev16_text), (4 bytes).
    Removing pin_lpc17xx.o(.revsh_text), (4 bytes).
    Removing pin_lpc17xx.o(.rrx_text), (6 bytes).
    Removing pin_lpc17xx.o(i.PIN_Configure), (104 bytes).
    Removing pin_lpc17xx.o(i.PIN_ConfigureI2C0Pins), (28 bytes).
    Removing pin_lpc17xx.o(i.PIN_ConfigureTPIU), (28 bytes).
    Removing system_lpc17xx.o(.rev16_text), (4 bytes).
    Removing system_lpc17xx.o(.revsh_text), (4 bytes).
    Removing system_lpc17xx.o(.rrx_text), (6 bytes).
    Removing system_lpc17xx.o(i.SystemCoreClockUpdate), (208 bytes).
    Removing system_lpc17xx.o(.data), (4 bytes).

84 unused section(s) (total 5372 bytes) removed from the image.

==============================================================================

Image Symbol Table

    Local Symbols

    Symbol Name                              Value     Ov Type        Size  Object(Section)

    RESET                                    0x00000000   Section      204  startup_lpc17xx.o(RESET)
    ../clib/angel/boardlib.s                 0x00000000   Number         0  boardinit3.o ABSOLUTE
    ../clib/angel/boardlib.s                 0x00000000   Number         0  boardshut.o ABSOLUTE
    ../clib/angel/boardlib.s                 0x00000000   Number         0  boardinit1.o ABSOLUTE
    ../clib/angel/boardlib.s                 0x00000000   Number         0  boardinit2.o ABSOLUTE
    ../clib/angel/handlers.s                 0x00000000   Number         0  __scatter_zi.o ABSOLUTE
    ../clib/angel/handlers.s                 0x00000000   Number         0  __scatter_copy.o ABSOLUTE
    ../clib/angel/kernel.s                   0x00000000   Number         0  rtexit.o ABSOLUTE
    ../clib/angel/kernel.s                   0x00000000   Number         0  __rtentry2.o ABSOLUTE
    ../clib/angel/kernel.s                   0x00000000   Number         0  __rtentry4.o ABSOLUTE
    ../clib/angel/kernel.s                   0x00000000   Number         0  __rtentry.o ABSOLUTE
    ../clib/angel/kernel.s                   0x00000000   Number         0  rtexit2.o ABSOLUTE
    ../clib/angel/rt.s                       0x00000000   Number         0  rt_raise.o ABSOLUTE
    ../clib/angel/rt.s                       0x00000000   Number         0  rt_div0.o ABSOLUTE
    ../clib/angel/rt.s                       0x00000000   Number         0  aeabi_ldiv0.o ABSOLUTE
    ../clib/angel/rt.s                       0x00000000   Number         0  aeabi_ldiv0_sigfpe.o ABSOLUTE
    ../clib/angel/rt.s                       0x00000000   Number         0  rt_heap_descriptor.o ABSOLUTE
    ../clib/angel/rt.s                       0x00000000   Number         0  rt_heap_descriptor_intlibspace.o ABSOLUTE
    ../clib/angel/rt.s                       0x00000000   Number         0  rt_errno_addr.o ABSOLUTE
    ../clib/angel/rt.s                       0x00000000   Number         0  rt_errno_addr_intlibspace.o ABSOLUTE
    ../clib/angel/scatter.s                  0x00000000   Number         0  __scatter.o ABSOLUTE
    ../clib/angel/startup.s                  0x00000000   Number         0  __main.o ABSOLUTE
    ../clib/angel/sys.s                      0x00000000   Number         0  mutex_dummy.o ABSOLUTE
    ../clib/angel/sys.s                      0x00000000   Number         0  use_no_semi.o ABSOLUTE
    ../clib/angel/sys.s                      0x00000000   Number         0  indicate_semi.o ABSOLUTE
    ../clib/angel/sys.s                      0x00000000   Number         0  sys_stackheap_outer.o ABSOLUTE
    ../clib/angel/sys.s                      0x00000000   Number         0  libspace.o ABSOLUTE
    ../clib/angel/sysapp.c                   0x00000000   Number         0  sys_command.o ABSOLUTE
    ../clib/angel/sysapp.c                   0x00000000   Number         0  sys_wrch.o ABSOLUTE
    ../clib/angel/sysapp.c                   0x00000000   Number         0  sys_exit.o ABSOLUTE
    ../clib/armsys.c                         0x00000000   Number         0  _get_argv.o ABSOLUTE
    ../clib/armsys.c                         0x00000000   Number         0  no_argv.o ABSOLUTE
    ../clib/armsys.c                         0x00000000   Number         0  argv_veneer.o ABSOLUTE
    ../clib/armsys.c                         0x00000000   Number         0  argv_veneer.o ABSOLUTE
    ../clib/armsys.c                         0x00000000   Number         0  _get_argv_nomalloc.o ABSOLUTE
    ../clib/fenv.c                           0x00000000   Number         0  _rserrno.o ABSOLUTE
    ../clib/heap1.c                          0x00000000   Number         0  h1_free_mt.o ABSOLUTE
    ../clib/heap1.c                          0x00000000   Number         0  h1_extend_mt.o ABSOLUTE
    ../clib/heap1.c                          0x00000000   Number         0  h1_alloc.o ABSOLUTE
    ../clib/heap1.c                          0x00000000   Number         0  h1_extend.o ABSOLUTE
    ../clib/heap1.c                          0x00000000   Number         0  h1_final.o ABSOLUTE
    ../clib/heap1.c                          0x00000000   Number         0  h1_alloc_mt.o ABSOLUTE
    ../clib/heap1.c                          0x00000000   Number         0  h1_init_mt.o ABSOLUTE
    ../clib/heap1.c                          0x00000000   Number         0  h1_final_mt.o ABSOLUTE
    ../clib/heap1.c                          0x00000000   Number         0  h1_free.o ABSOLUTE
    ../clib/heap1.c                          0x00000000   Number         0  h1_init.o ABSOLUTE
    ../clib/heap2.c                          0x00000000   Number         0  heap2mt.o ABSOLUTE
    ../clib/heap2.c                          0x00000000   Number         0  heap2.o ABSOLUTE
    ../clib/heap2.c                          0x00000000   Number         0  fdtree.o ABSOLUTE
    ../clib/heapalloc.c                      0x00000000   Number         0  heapstubs.o ABSOLUTE
    ../clib/heapalloc.c                      0x00000000   Number         0  term_alloc.o ABSOLUTE
    ../clib/heapalloc.c                      0x00000000   Number         0  malloc.o ABSOLUTE
    ../clib/heapalloc.c                      0x00000000   Number         0  free.o ABSOLUTE
    ../clib/heapalloc.c                      0x00000000   Number         0  hguard.o ABSOLUTE
    ../clib/heapalloc.c                      0x00000000   Number         0  init_alloc.o ABSOLUTE
    ../clib/heapalloc.c                      0x00000000   Number         0  hrguard.o ABSOLUTE
    ../clib/heapalloc.c                      0x00000000   Number         0  maybetermalloc1.o ABSOLUTE
    ../clib/heapalloc.c                      0x00000000   Number         0  maybetermalloc1.o ABSOLUTE
    ../clib/heapalloc.c                      0x00000000   Number         0  maybetermalloc2.o ABSOLUTE
    ../clib/heapalloc.c                      0x00000000   Number         0  calloc.o ABSOLUTE
    ../clib/heapalloc.c                      0x00000000   Number         0  maybetermalloc2.o ABSOLUTE
    ../clib/heapaux.c                        0x00000000   Number         0  heapauxa.o ABSOLUTE
    ../clib/heapaux.c                        0x00000000   Number         0  heapauxi.o ABSOLUTE
    ../clib/libinit.s                        0x00000000   Number         0  libshutdown.o ABSOLUTE
    ../clib/libinit.s                        0x00000000   Number         0  libshutdown2.o ABSOLUTE
    ../clib/libinit.s                        0x00000000   Number         0  libinit2.o ABSOLUTE
    ../clib/libinit.s                        0x00000000   Number         0  libinit.o ABSOLUTE
    ../clib/longlong.s                       0x00000000   Number         0  lludivv7m.o ABSOLUTE
    ../clib/memcpset.s                       0x00000000   Number         0  rt_memcpy_v6.o ABSOLUTE
    ../clib/memcpset.s                       0x00000000   Number         0  rt_memclr.o ABSOLUTE
    ../clib/memcpset.s                       0x00000000   Number         0  rt_memcpy_w.o ABSOLUTE
    ../clib/memcpset.s                       0x00000000   Number         0  rt_memclr_w.o ABSOLUTE
    ../clib/printf.c                         0x00000000   Number         0  __printf_nopercent.o ABSOLUTE
    ../clib/printf.c                         0x00000000   Number         0  _printf_intcommon.o ABSOLUTE
    ../clib/printf.c                         0x00000000   Number         0  _printf_char_common.o ABSOLUTE
    ../clib/printf.c                         0x00000000   Number         0  _sputc.o ABSOLUTE
    ../clib/printf.c                         0x00000000   Number         0  __2sprintf.o ABSOLUTE
    ../clib/printf.c                         0x00000000   Number         0  noretval__2sprintf.o ABSOLUTE
    ../clib/printf.c                         0x00000000   Number         0  __printf.o ABSOLUTE
    ../clib/printf.c                         0x00000000   Number         0  _printf_dec.o ABSOLUTE
    ../clib/printf.c                         0x00000000   Number         0  __printf_flags.o ABSOLUTE
    ../clib/printf.c                         0x00000000   Number         0  __printf_ss.o ABSOLUTE
    ../clib/printf.c                         0x00000000   Number         0  __printf_flags_ss.o ABSOLUTE
    ../clib/printf.c                         0x00000000   Number         0  __printf_wp.o ABSOLUTE
    ../clib/printf.c                         0x00000000   Number         0  __printf_flags_wp.o ABSOLUTE
    ../clib/printf.c                         0x00000000   Number         0  __printf_ss_wp.o ABSOLUTE
    ../clib/printf.c                         0x00000000   Number         0  __printf_flags_ss_wp.o ABSOLUTE
    ../clib/printf_percent.s                 0x00000000   Number         0  _printf_percent_end.o ABSOLUTE
    ../clib/printf_percent.s                 0x00000000   Number         0  _printf_percent.o ABSOLUTE
    ../clib/printf_percent.s                 0x00000000   Number         0  _printf_d.o ABSOLUTE
    ../clib/signal.c                         0x00000000   Number         0  defsig_fpe_outer.o ABSOLUTE
    ../clib/signal.c                         0x00000000   Number         0  defsig_stak_inner.o ABSOLUTE
    ../clib/signal.c                         0x00000000   Number         0  defsig_rtred_inner.o ABSOLUTE
    ../clib/signal.c                         0x00000000   Number         0  defsig_abrt_inner.o ABSOLUTE
    ../clib/signal.c                         0x00000000   Number         0  defsig_fpe_inner.o ABSOLUTE
    ../clib/signal.c                         0x00000000   Number         0  defsig_rtmem_formal.o ABSOLUTE
    ../clib/signal.c                         0x00000000   Number         0  defsig_fpe_formal.o ABSOLUTE
    ../clib/signal.c                         0x00000000   Number         0  defsig_rtmem_outer.o ABSOLUTE
    ../clib/signal.c                         0x00000000   Number         0  defsig_other.o ABSOLUTE
    ../clib/signal.c                         0x00000000   Number         0  defsig_segv_inner.o ABSOLUTE
    ../clib/signal.c                         0x00000000   Number         0  defsig_exit.o ABSOLUTE
    ../clib/signal.c                         0x00000000   Number         0  defsig_cppl_inner.o ABSOLUTE
    ../clib/signal.c                         0x00000000   Number         0  defsig_pvfn_inner.o ABSOLUTE
    ../clib/signal.c                         0x00000000   Number         0  defsig_general.o ABSOLUTE
    ../clib/signal.c                         0x00000000   Number         0  __raise.o ABSOLUTE
    ../clib/signal.c                         0x00000000   Number         0  defsig_rtmem_inner.o ABSOLUTE
    ../clib/signal.s                         0x00000000   Number         0  defsig.o ABSOLUTE
    ../clib/stdlib.c                         0x00000000   Number         0  exit.o ABSOLUTE
    ../fplib/d2f.s                           0x00000000   Number         0  d2f.o ABSOLUTE
    ../fplib/daddsub.s                       0x00000000   Number         0  daddsub_clz.o ABSOLUTE
    ../fplib/dcheck1.s                       0x00000000   Number         0  dcheck1.o ABSOLUTE
    ../fplib/dcmpi.s                         0x00000000   Number         0  dcmpi.o ABSOLUTE
    ../fplib/ddiv.s                          0x00000000   Number         0  ddiv.o ABSOLUTE
    ../fplib/dfix.s                          0x00000000   Number         0  dfix.o ABSOLUTE
    ../fplib/dfixu.s                         0x00000000   Number         0  dfixu.o ABSOLUTE
    ../fplib/dflt.s                          0x00000000   Number         0  dflt_clz.o ABSOLUTE
    ../fplib/dleqf.s                         0x00000000   Number         0  dleqf.o ABSOLUTE
    ../fplib/dmul.s                          0x00000000   Number         0  dmul.o ABSOLUTE
    ../fplib/dnaninf.s                       0x00000000   Number         0  dnaninf.o ABSOLUTE
    ../fplib/dretinf.s                       0x00000000   Number         0  dretinf.o ABSOLUTE
    ../fplib/dsqrt.s                         0x00000000   Number         0  dsqrt_noumaal.o ABSOLUTE
    ../fplib/f2d.s                           0x00000000   Number         0  f2d.o ABSOLUTE
    ../fplib/faddsub.s                       0x00000000   Number         0  faddsub_clz.o ABSOLUTE
    ../fplib/fflt.s                          0x00000000   Number         0  fflt_clz.o ABSOLUTE
    ../fplib/fmul.s                          0x00000000   Number         0  fmul.o ABSOLUTE
    ../fplib/fnaninf.s                       0x00000000   Number         0  fnaninf.o ABSOLUTE
    ../fplib/fpinit.s                        0x00000000   Number         0  fpinit.o ABSOLUTE
    ../fplib/fretinf.s                       0x00000000   Number         0  fretinf.o ABSOLUTE
    ../fplib/retnan.s                        0x00000000   Number         0  retnan.o ABSOLUTE
    ../fplib/scalbn.s                        0x00000000   Number         0  scalbn.o ABSOLUTE
    ../fplib/trapv.s                         0x00000000   Number         0  trapv.o ABSOLUTE
    ../fplib/usenofp.s                       0x00000000   Number         0  usenofp.o ABSOLUTE
    ../mathlib/cos.c                         0x00000000   Number         0  cos_x.o ABSOLUTE
    ../mathlib/cos.c                         0x00000000   Number         0  cos.o ABSOLUTE
    ../mathlib/cos_i.c                       0x00000000   Number         0  cos_i.o ABSOLUTE
    ../mathlib/dunder.c                      0x00000000   Number         0  dunder.o ABSOLUTE
    ../mathlib/fpclassify.c                  0x00000000   Number         0  fpclassify.o ABSOLUTE
    ../mathlib/poly.c                        0x00000000   Number         0  poly.o ABSOLUTE
    ../mathlib/rred.c                        0x00000000   Number         0  rred.o ABSOLUTE
    ../mathlib/sin.c                         0x00000000   Number         0  sin.o ABSOLUTE
    ../mathlib/sin.c                         0x00000000   Number         0  sin_x.o ABSOLUTE
    ../mathlib/sin_i.c                       0x00000000   Number         0  sin_i.o ABSOLUTE
    ../mathlib/sin_i.c                       0x00000000   Number         0  sin_i_x.o ABSOLUTE
    ../mathlib/sqrt.c                        0x00000000   Number         0  sqrt_x.o ABSOLUTE
    ../mathlib/sqrt.c                        0x00000000   Number         0  sqrt.o ABSOLUTE
    C:\Keil_v5\ARM\PACK\Keil\LPC1700_DFP\2.6.1\Boards\Waveshare\Open1768\Common\Buttons_Open1768.c 0x00000000   Number         0  buttons_open1768.o ABSOLUTE
    C:\Keil_v5\ARM\PACK\Keil\LPC1700_DFP\2.6.1\Boards\Waveshare\Open1768\Common\Joystick_Open1768.c 0x00000000   Number         0  joystick_open1768.o ABSOLUTE
    C:\Keil_v5\ARM\PACK\Keil\LPC1700_DFP\2.6.1\Boards\Waveshare\Open1768\Common\LED_Open1768.c 0x00000000   Number         0  led_open1768.o ABSOLUTE
    C:\Keil_v5\ARM\PACK\Keil\LPC1700_DFP\2.6.1\RTE_Driver\GPIO_LPC17xx.c 0x00000000   Number         0  gpio_lpc17xx.o ABSOLUTE
    C:\Keil_v5\ARM\PACK\Keil\LPC1700_DFP\2.6.1\RTE_Driver\PIN_LPC17xx.c 0x00000000   Number         0  pin_lpc17xx.o ABSOLUTE
    C:\\Keil_v5\\ARM\\PACK\\Keil\\LPC1700_DFP\\2.6.1\\Boards\\Waveshare\\Open1768\\Common\\Buttons_Open1768.c 0x00000000   Number         0  buttons_open1768.o ABSOLUTE
    C:\\Keil_v5\\ARM\\PACK\\Keil\\LPC1700_DFP\\2.6.1\\Boards\\Waveshare\\Open1768\\Common\\Joystick_Open1768.c 0x00000000   Number         0  joystick_open1768.o ABSOLUTE
    C:\\Keil_v5\\ARM\\PACK\\Keil\\LPC1700_DFP\\2.6.1\\Boards\\Waveshare\\Open1768\\Common\\LED_Open1768.c 0x00000000   Number         0  led_open1768.o ABSOLUTE
    C:\\Keil_v5\\ARM\\PACK\\Keil\\LPC1700_DFP\\2.6.1\\RTE_Driver\\GPIO_LPC17xx.c 0x00000000   Number         0  gpio_lpc17xx.o ABSOLUTE
    C:\\Keil_v5\\ARM\\PACK\\Keil\\LPC1700_DFP\\2.6.1\\RTE_Driver\\PIN_LPC17xx.c 0x00000000   Number         0  pin_lpc17xx.o ABSOLUTE
    LCD_ILI9325.c                            0x00000000   Number         0  lcd_ili9325.o ABSOLUTE
    LCD_ILI9325.c                            0x00000000   Number         0  lcd_ili9325.o ABSOLUTE
    Open1768_LCD.c                           0x00000000   Number         0  open1768_lcd.o ABSOLUTE
    Open1768_LCD.c                           0x00000000   Number         0  open1768_lcd.o ABSOLUTE
    RTE\Device\LPC1768\startup_LPC17xx.s     0x00000000   Number         0  startup_lpc17xx.o ABSOLUTE
    RTE\Device\LPC1768\system_LPC17xx.c      0x00000000   Number         0  system_lpc17xx.o ABSOLUTE
    RTE\\Device\\LPC1768\\system_LPC17xx.c   0x00000000   Number         0  system_lpc17xx.o ABSOLUTE
    asciiLib.c                               0x00000000   Number         0  asciilib.o ABSOLUTE
    dc.s                                     0x00000000   Number         0  dc.o ABSOLUTE
    dft.c                                    0x00000000   Number         0  dft.o ABSOLUTE
    handlers.c                               0x00000000   Number         0  handlers.o ABSOLUTE
    init.c                                   0x00000000   Number         0  init.o ABSOLUTE
    init.c                                   0x00000000   Number         0  init.o ABSOLUTE
    lcd_paint.c                              0x00000000   Number         0  lcd_paint.o ABSOLUTE
    lcd_paint.c                              0x00000000   Number         0  lcd_paint.o ABSOLUTE
    lcd_write.c                              0x00000000   Number         0  lcd_write.o ABSOLUTE
    lcd_write.c                              0x00000000   Number         0  lcd_write.o ABSOLUTE
    main.c                                   0x00000000   Number         0  main.o ABSOLUTE
    main.c                                   0x00000000   Number         0  main.o ABSOLUTE
    tp_lib\TP_Open1768.c                     0x00000000   Number         0  tp_open1768.o ABSOLUTE
    tp_lib\\TP_Open1768.c                    0x00000000   Number         0  tp_open1768.o ABSOLUTE
    !!!main                                  0x000000cc   Section        8  __main.o(!!!main)
    !!!scatter                               0x000000d4   Section       52  __scatter.o(!!!scatter)
    !!handler_copy                           0x00000108   Section       26  __scatter_copy.o(!!handler_copy)
    !!handler_zi                             0x00000124   Section       28  __scatter_zi.o(!!handler_zi)
    .ARM.Collect$$libinit$$00000000          0x00000140   Section        2  libinit.o(.ARM.Collect$$libinit$$00000000)
    .ARM.Collect$$libinit$$00000002          0x00000142   Section        0  libinit2.o(.ARM.Collect$$libinit$$00000002)
    .ARM.Collect$$libinit$$00000004          0x00000142   Section        0  libinit2.o(.ARM.Collect$$libinit$$00000004)
    .ARM.Collect$$libinit$$00000005          0x00000142   Section        8  libinit2.o(.ARM.Collect$$libinit$$00000005)
    .ARM.Collect$$libinit$$0000000A          0x0000014a   Section        0  libinit2.o(.ARM.Collect$$libinit$$0000000A)
    .ARM.Collect$$libinit$$0000000C          0x0000014a   Section        0  libinit2.o(.ARM.Collect$$libinit$$0000000C)
    .ARM.Collect$$libinit$$0000000E          0x0000014a   Section        0  libinit2.o(.ARM.Collect$$libinit$$0000000E)
    .ARM.Collect$$libinit$$00000011          0x0000014a   Section        0  libinit2.o(.ARM.Collect$$libinit$$00000011)
    .ARM.Collect$$libinit$$00000013          0x0000014a   Section        0  libinit2.o(.ARM.Collect$$libinit$$00000013)
    .ARM.Collect$$libinit$$00000015          0x0000014a   Section        0  libinit2.o(.ARM.Collect$$libinit$$00000015)
    .ARM.Collect$$libinit$$00000017          0x0000014a   Section        0  libinit2.o(.ARM.Collect$$libinit$$00000017)
    .ARM.Collect$$libinit$$00000019          0x0000014a   Section        0  libinit2.o(.ARM.Collect$$libinit$$00000019)
    .ARM.Collect$$libinit$$0000001B          0x0000014a   Section        0  libinit2.o(.ARM.Collect$$libinit$$0000001B)
    .ARM.Collect$$libinit$$0000001D          0x0000014a   Section        0  libinit2.o(.ARM.Collect$$libinit$$0000001D)
    .ARM.Collect$$libinit$$0000001F          0x0000014a   Section        0  libinit2.o(.ARM.Collect$$libinit$$0000001F)
    .ARM.Collect$$libinit$$00000021          0x0000014a   Section        0  libinit2.o(.ARM.Collect$$libinit$$00000021)
    .ARM.Collect$$libinit$$00000023          0x0000014a   Section        0  libinit2.o(.ARM.Collect$$libinit$$00000023)
    .ARM.Collect$$libinit$$00000025          0x0000014a   Section        0  libinit2.o(.ARM.Collect$$libinit$$00000025)
    .ARM.Collect$$libinit$$0000002C          0x0000014a   Section        0  libinit2.o(.ARM.Collect$$libinit$$0000002C)
    .ARM.Collect$$libinit$$0000002E          0x0000014a   Section        0  libinit2.o(.ARM.Collect$$libinit$$0000002E)
    .ARM.Collect$$libinit$$00000030          0x0000014a   Section        0  libinit2.o(.ARM.Collect$$libinit$$00000030)
    .ARM.Collect$$libinit$$00000032          0x0000014a   Section        0  libinit2.o(.ARM.Collect$$libinit$$00000032)
    .ARM.Collect$$libinit$$00000033          0x0000014a   Section        2  libinit2.o(.ARM.Collect$$libinit$$00000033)
    .ARM.Collect$$libshutdown$$00000000      0x0000014c   Section        2  libshutdown.o(.ARM.Collect$$libshutdown$$00000000)
    .ARM.Collect$$libshutdown$$00000002      0x0000014e   Section        0  libshutdown2.o(.ARM.Collect$$libshutdown$$00000002)
    .ARM.Collect$$libshutdown$$00000004      0x0000014e   Section        0  libshutdown2.o(.ARM.Collect$$libshutdown$$00000004)
    .ARM.Collect$$libshutdown$$00000007      0x0000014e   Section        0  libshutdown2.o(.ARM.Collect$$libshutdown$$00000007)
    .ARM.Collect$$libshutdown$$0000000A      0x0000014e   Section        0  libshutdown2.o(.ARM.Collect$$libshutdown$$0000000A)
    .ARM.Collect$$libshutdown$$0000000C      0x0000014e   Section        0  libshutdown2.o(.ARM.Collect$$libshutdown$$0000000C)
    .ARM.Collect$$libshutdown$$0000000F      0x0000014e   Section        0  libshutdown2.o(.ARM.Collect$$libshutdown$$0000000F)
    .ARM.Collect$$libshutdown$$00000010      0x0000014e   Section        2  libshutdown2.o(.ARM.Collect$$libshutdown$$00000010)
    .ARM.Collect$$rtentry$$00000000          0x00000150   Section        0  __rtentry.o(.ARM.Collect$$rtentry$$00000000)
    .ARM.Collect$$rtentry$$00000002          0x00000150   Section        0  __rtentry2.o(.ARM.Collect$$rtentry$$00000002)
    .ARM.Collect$$rtentry$$00000004          0x00000150   Section        6  __rtentry4.o(.ARM.Collect$$rtentry$$00000004)
    .ARM.Collect$$rtentry$$00000009          0x00000156   Section        0  __rtentry2.o(.ARM.Collect$$rtentry$$00000009)
    .ARM.Collect$$rtentry$$0000000A          0x00000156   Section        4  __rtentry2.o(.ARM.Collect$$rtentry$$0000000A)
    .ARM.Collect$$rtentry$$0000000C          0x0000015a   Section        0  __rtentry2.o(.ARM.Collect$$rtentry$$0000000C)
    .ARM.Collect$$rtentry$$0000000D          0x0000015a   Section        8  __rtentry2.o(.ARM.Collect$$rtentry$$0000000D)
    .ARM.Collect$$rtexit$$00000000           0x00000162   Section        2  rtexit.o(.ARM.Collect$$rtexit$$00000000)
    .ARM.Collect$$rtexit$$00000002           0x00000164   Section        0  rtexit2.o(.ARM.Collect$$rtexit$$00000002)
    .ARM.Collect$$rtexit$$00000003           0x00000164   Section        4  rtexit2.o(.ARM.Collect$$rtexit$$00000003)
    .ARM.Collect$$rtexit$$00000004           0x00000168   Section        6  rtexit2.o(.ARM.Collect$$rtexit$$00000004)
    .emb_text                                0x00000170   Section        0  maybetermalloc1.o(.emb_text)
    .text                                    0x00000170   Section       64  startup_lpc17xx.o(.text)
    .text                                    0x000001b0   Section        0  calloc.o(.text)
    .text                                    0x000001d8   Section        0  heapauxi.o(.text)
    .text                                    0x000001de   Section        0  h1_alloc.o(.text)
    .text                                    0x0000023c   Section        0  _rserrno.o(.text)
    .text                                    0x00000252   Section       68  rt_memclr.o(.text)
    .text                                    0x00000298   Section        8  rt_heap_descriptor_intlibspace.o(.text)
    .text                                    0x000002a0   Section        8  rt_errno_addr_intlibspace.o(.text)
    .text                                    0x000002a8   Section        0  hguard.o(.text)
    .text                                    0x000002ac   Section        0  h1_init.o(.text)
    .text                                    0x000002bc   Section        8  libspace.o(.text)
    .text                                    0x000002c4   Section        0  h1_extend.o(.text)
    .text                                    0x000002f8   Section        2  use_no_semi.o(.text)
    .text                                    0x000002fa   Section        0  indicate_semi.o(.text)
    x$fpl$usenofp                            0x000002fa   Section        0  usenofp.o(x$fpl$usenofp)
    .ARM.__at_0x02FC                         0x000002fc   Section        4  startup_lpc17xx.o(.ARM.__at_0x02FC)
    .text                                    0x00000300   Section        0  init_alloc.o(.text)
    .text                                    0x0000038a   Section        0  h1_free.o(.text)
    .text                                    0x000003d8   Section       78  rt_memclr_w.o(.text)
    .text                                    0x00000426   Section       74  sys_stackheap_outer.o(.text)
    .text                                    0x00000470   Section        0  exit.o(.text)
    .text                                    0x00000482   Section        0  defsig_rtmem_outer.o(.text)
    .text                                    0x00000490   Section        0  defsig_exit.o(.text)
    .text                                    0x0000049c   Section        0  defsig_rtmem_inner.o(.text)
    .text                                    0x000004ec   Section        0  sys_exit.o(.text)
    .text                                    0x000004f8   Section        0  defsig_general.o(.text)
    .text                                    0x0000052a   Section        0  sys_wrch.o(.text)
    i.SystemInit                             0x00000538   Section        0  system_lpc17xx.o(i.SystemInit)
    i.TIMER0_IRQHandler                      0x00000608   Section        0  main.o(i.TIMER0_IRQHandler)
    i.__ARM_fpclassify                       0x00000658   Section        0  fpclassify.o(i.__ARM_fpclassify)
    i.__NVIC_EnableIRQ                       0x00000680   Section        0  init.o(i.__NVIC_EnableIRQ)
    __NVIC_EnableIRQ                         0x00000681   Thumb Code    26  init.o(i.__NVIC_EnableIRQ)
    i.__ieee754_rem_pio2                     0x0000069c   Section        0  rred.o(i.__ieee754_rem_pio2)
    i.__kernel_cos                           0x00000a24   Section        0  cos_i.o(i.__kernel_cos)
    i.__kernel_poly                          0x00000b20   Section        0  poly.o(i.__kernel_poly)
    i.__kernel_sin                           0x00000bcc   Section        0  sin_i.o(i.__kernel_sin)
    i.__mathlib_dbl_infnan                   0x00000cb8   Section        0  dunder.o(i.__mathlib_dbl_infnan)
    i.__mathlib_dbl_invalid                  0x00000cbe   Section        0  dunder.o(i.__mathlib_dbl_invalid)
    i.__mathlib_dbl_underflow                0x00000ccc   Section        0  dunder.o(i.__mathlib_dbl_underflow)
    i.clear                                  0x00000cdc   Section        0  lcd_write.o(i.clear)
    i.cos                                    0x00000d04   Section        0  cos.o(i.cos)
    i.delay_ms                               0x00000da0   Section        0  lcd_ili9325.o(i.delay_ms)
    i.draw_chart                             0x00000dbc   Section        0  lcd_write.o(i.draw_chart)
    i.fft                                    0x00000e24   Section        0  dft.o(i.fft)
    i.init                                   0x00000f64   Section        0  init.o(i.init)
    i.init_ILI9325                           0x00000f76   Section        0  lcd_ili9325.o(i.init_ILI9325)
    i.init_adc                               0x0000114c   Section        0  init.o(i.init_adc)
    i.init_lcd                               0x00001184   Section        0  init.o(i.init_lcd)
    i.init_timer                             0x000011c0   Section        0  init.o(i.init_timer)
    i.lcdConfiguration                       0x000011d8   Section        0  open1768_lcd.o(i.lcdConfiguration)
    i.lcdRead                                0x000011fc   Section        0  open1768_lcd.o(i.lcdRead)
    i.lcdReadData                            0x00001238   Section        0  open1768_lcd.o(i.lcdReadData)
    i.lcdReadReg                             0x00001264   Section        0  open1768_lcd.o(i.lcdReadReg)
    i.lcdSend                                0x00001274   Section        0  open1768_lcd.o(i.lcdSend)
    i.lcdSetCursor                           0x0000129c   Section        0  open1768_lcd.o(i.lcdSetCursor)
    i.lcdWriteData                           0x000012b4   Section        0  open1768_lcd.o(i.lcdWriteData)
    i.lcdWriteIndex                          0x000012dc   Section        0  open1768_lcd.o(i.lcdWriteIndex)
    i.lcdWriteReg                            0x0000130c   Section        0  open1768_lcd.o(i.lcdWriteReg)
    i.lcd_draw_line                          0x0000131e   Section        0  lcd_write.o(i.lcd_draw_line)
    i.lcd_draw_rectangle                     0x0000134a   Section        0  lcd_write.o(i.lcd_draw_rectangle)
    i.main                                   0x00001374   Section        0  main.o(i.main)
    i.sin                                    0x000013c4   Section        0  sin.o(i.sin)
    i.sqrt                                   0x00001464   Section        0  sqrt.o(i.sqrt)
    i.wait_delay                             0x000014b0   Section        0  open1768_lcd.o(i.wait_delay)
    x$fpl$d2f                                0x000014c0   Section       98  d2f.o(x$fpl$d2f)
    x$fpl$dadd                               0x00001524   Section      336  daddsub_clz.o(x$fpl$dadd)
    _dadd1                                   0x00001535   Thumb Code     0  daddsub_clz.o(x$fpl$dadd)
    x$fpl$dcheck1                            0x00001674   Section       16  dcheck1.o(x$fpl$dcheck1)
    x$fpl$ddiv                               0x00001684   Section      688  ddiv.o(x$fpl$ddiv)
    ddiv_entry                               0x0000168b   Thumb Code     0  ddiv.o(x$fpl$ddiv)
    x$fpl$dfix                               0x00001934   Section       94  dfix.o(x$fpl$dfix)
    x$fpl$dfixu                              0x00001994   Section       90  dfixu.o(x$fpl$dfixu)
    x$fpl$dflt                               0x000019ee   Section       46  dflt_clz.o(x$fpl$dflt)
    x$fpl$dfltu                              0x00001a1c   Section       38  dflt_clz.o(x$fpl$dfltu)
    x$fpl$dmul                               0x00001a44   Section      340  dmul.o(x$fpl$dmul)
    x$fpl$dnaninf                            0x00001b98   Section      156  dnaninf.o(x$fpl$dnaninf)
    x$fpl$dretinf                            0x00001c34   Section       12  dretinf.o(x$fpl$dretinf)
    x$fpl$drsb                               0x00001c40   Section       22  daddsub_clz.o(x$fpl$drsb)
    x$fpl$dsqrt                              0x00001c58   Section      460  dsqrt_noumaal.o(x$fpl$dsqrt)
    x$fpl$dsub                               0x00001e24   Section      468  daddsub_clz.o(x$fpl$dsub)
    _dsub1                                   0x00001e35   Thumb Code     0  daddsub_clz.o(x$fpl$dsub)
    x$fpl$f2d                                0x00001ff8   Section       86  f2d.o(x$fpl$f2d)
    x$fpl$fadd                               0x00002050   Section      196  faddsub_clz.o(x$fpl$fadd)
    _fadd1                                   0x0000205f   Thumb Code     0  faddsub_clz.o(x$fpl$fadd)
    x$fpl$ffltu                              0x00002114   Section       38  fflt_clz.o(x$fpl$ffltu)
    x$fpl$fmul                               0x0000213c   Section      258  fmul.o(x$fpl$fmul)
    x$fpl$fnaninf                            0x0000223e   Section      140  fnaninf.o(x$fpl$fnaninf)
    x$fpl$fretinf                            0x000022ca   Section       10  fretinf.o(x$fpl$fretinf)
    x$fpl$fsub                               0x000022d4   Section      234  faddsub_clz.o(x$fpl$fsub)
    _fsub1                                   0x000022e3   Thumb Code     0  faddsub_clz.o(x$fpl$fsub)
    x$fpl$retnan                             0x000023be   Section      100  retnan.o(x$fpl$retnan)
    x$fpl$scalbn                             0x00002422   Section       92  scalbn.o(x$fpl$scalbn)
    x$fpl$trapveneer                         0x0000247e   Section       48  trapv.o(x$fpl$trapveneer)
    .constdata                               0x000024b0   Section       48  cos_i.o(.constdata)
    C                                        0x000024b0   Data          48  cos_i.o(.constdata)
    .constdata                               0x000024e0   Section      200  rred.o(.constdata)
    pio2s                                    0x000024e0   Data          48  rred.o(.constdata)
    twooverpi                                0x00002510   Data         152  rred.o(.constdata)
    .constdata                               0x000025a8   Section       40  sin_i.o(.constdata)
    S                                        0x000025a8   Data          40  sin_i.o(.constdata)
    HEAP                                     0x10000000   Section    32768  startup_lpc17xx.o(HEAP)
    Heap_Mem                                 0x10000000   Data       32768  startup_lpc17xx.o(HEAP)
    .data                                    0x2007c000   Section       12  main.o(.data)
    curr_nr_samples                          0x2007c000   Data           4  main.o(.data)
    buf                                      0x2007c004   Data           4  main.o(.data)
    scratch                                  0x2007c008   Data           4  main.o(.data)
    .bss                                     0x2007c00c   Section       96  libspace.o(.bss)
    STACK                                    0x2007c070   Section      512  startup_lpc17xx.o(STACK)
    Stack_Mem                                0x2007c070   Data         512  startup_lpc17xx.o(STACK)
    __initial_sp                             0x2007c270   Data           0  startup_lpc17xx.o(STACK)

    Global Symbols

    Symbol Name                              Value     Ov Type        Size  Object(Section)

    BuildAttributes$$THM_ISAv4$P$D$K$B$S$PE$A:L22UL41UL21$X:L11$S22US41US21$IEEE1$IW$USESV6$~STKCKD$USESV7$~SHL$OTIME$ROPI$IEEEX$EBA8$UX$STANDARDLIB$REQ8$PRES8$EABIv2 0x00000000   Number         0  anon$$obj.o ABSOLUTE
    __ARM_use_no_argv                        0x00000000   Number         0  main.o ABSOLUTE
    __Vectors                                0x00000000   Data           4  startup_lpc17xx.o(RESET)
    __ARM_exceptions_init                     - Undefined Weak Reference
    __alloca_initialize                       - Undefined Weak Reference
    __arm_preinit_                            - Undefined Weak Reference
    __cpp_initialize__aeabi_                  - Undefined Weak Reference
    __cxa_finalize                            - Undefined Weak Reference
    __rt_locale                               - Undefined Weak Reference
    __sigvec_lookup                           - Undefined Weak Reference
    __user_heap_extent                        - Undefined Weak Reference
    _atexit_init                              - Undefined Weak Reference
    _call_atexit_fns                          - Undefined Weak Reference
    _clock_init                               - Undefined Weak Reference
    _fp_trap_init                             - Undefined Weak Reference
    _fp_trap_shutdown                         - Undefined Weak Reference
    _get_lc_collate                           - Undefined Weak Reference
    _get_lc_ctype                             - Undefined Weak Reference
    _get_lc_monetary                          - Undefined Weak Reference
    _get_lc_numeric                           - Undefined Weak Reference
    _get_lc_time                              - Undefined Weak Reference
    _getenv_init                              - Undefined Weak Reference
    _handle_redirection                       - Undefined Weak Reference
    _initio                                   - Undefined Weak Reference
    _mutex_acquire                            - Undefined Weak Reference
    _mutex_free                               - Undefined Weak Reference
    _mutex_release                            - Undefined Weak Reference
    _printf_post_padding                      - Undefined Weak Reference
    _printf_pre_padding                       - Undefined Weak Reference
    _printf_truncate_signed                   - Undefined Weak Reference
    _printf_truncate_unsigned                 - Undefined Weak Reference
    _rand_init                                - Undefined Weak Reference
    _signal_finish                            - Undefined Weak Reference
    _signal_init                              - Undefined Weak Reference
    _terminateio                              - Undefined Weak Reference
    __main                                   0x000000cd   Thumb Code     8  __main.o(!!!main)
    __scatterload                            0x000000d5   Thumb Code     0  __scatter.o(!!!scatter)
    __scatterload_rt2                        0x000000d5   Thumb Code    44  __scatter.o(!!!scatter)
    __scatterload_rt2_thumb_only             0x000000d5   Thumb Code     0  __scatter.o(!!!scatter)
    __scatterload_null                       0x000000e3   Thumb Code     0  __scatter.o(!!!scatter)
    __scatterload_copy                       0x00000109   Thumb Code    26  __scatter_copy.o(!!handler_copy)
    __scatterload_zeroinit                   0x00000125   Thumb Code    28  __scatter_zi.o(!!handler_zi)
    __rt_lib_init                            0x00000141   Thumb Code     0  libinit.o(.ARM.Collect$$libinit$$00000000)
    __rt_lib_init_fp_1                       0x00000143   Thumb Code     0  libinit2.o(.ARM.Collect$$libinit$$00000002)
    __rt_lib_init_heap_2                     0x00000143   Thumb Code     0  libinit2.o(.ARM.Collect$$libinit$$00000005)
    __rt_lib_init_preinit_1                  0x00000143   Thumb Code     0  libinit2.o(.ARM.Collect$$libinit$$00000004)
    __rt_lib_init_alloca_1                   0x0000014b   Thumb Code     0  libinit2.o(.ARM.Collect$$libinit$$0000002E)
    __rt_lib_init_argv_1                     0x0000014b   Thumb Code     0  libinit2.o(.ARM.Collect$$libinit$$0000002C)
    __rt_lib_init_atexit_1                   0x0000014b   Thumb Code     0  libinit2.o(.ARM.Collect$$libinit$$0000001B)
    __rt_lib_init_clock_1                    0x0000014b   Thumb Code     0  libinit2.o(.ARM.Collect$$libinit$$00000021)
    __rt_lib_init_cpp_1                      0x0000014b   Thumb Code     0  libinit2.o(.ARM.Collect$$libinit$$00000032)
    __rt_lib_init_exceptions_1               0x0000014b   Thumb Code     0  libinit2.o(.ARM.Collect$$libinit$$00000030)
    __rt_lib_init_fp_trap_1                  0x0000014b   Thumb Code     0  libinit2.o(.ARM.Collect$$libinit$$0000001F)
    __rt_lib_init_getenv_1                   0x0000014b   Thumb Code     0  libinit2.o(.ARM.Collect$$libinit$$00000023)
    __rt_lib_init_heap_1                     0x0000014b   Thumb Code     0  libinit2.o(.ARM.Collect$$libinit$$0000000A)
    __rt_lib_init_lc_collate_1               0x0000014b   Thumb Code     0  libinit2.o(.ARM.Collect$$libinit$$00000011)
    __rt_lib_init_lc_ctype_1                 0x0000014b   Thumb Code     0  libinit2.o(.ARM.Collect$$libinit$$00000013)
    __rt_lib_init_lc_monetary_1              0x0000014b   Thumb Code     0  libinit2.o(.ARM.Collect$$libinit$$00000015)
    __rt_lib_init_lc_numeric_1               0x0000014b   Thumb Code     0  libinit2.o(.ARM.Collect$$libinit$$00000017)
    __rt_lib_init_lc_time_1                  0x0000014b   Thumb Code     0  libinit2.o(.ARM.Collect$$libinit$$00000019)
    __rt_lib_init_rand_1                     0x0000014b   Thumb Code     0  libinit2.o(.ARM.Collect$$libinit$$0000000E)
    __rt_lib_init_return                     0x0000014b   Thumb Code     0  libinit2.o(.ARM.Collect$$libinit$$00000033)
    __rt_lib_init_signal_1                   0x0000014b   Thumb Code     0  libinit2.o(.ARM.Collect$$libinit$$0000001D)
    __rt_lib_init_stdio_1                    0x0000014b   Thumb Code     0  libinit2.o(.ARM.Collect$$libinit$$00000025)
    __rt_lib_init_user_alloc_1               0x0000014b   Thumb Code     0  libinit2.o(.ARM.Collect$$libinit$$0000000C)
    __rt_lib_shutdown                        0x0000014d   Thumb Code     0  libshutdown.o(.ARM.Collect$$libshutdown$$00000000)
    __rt_lib_shutdown_cpp_1                  0x0000014f   Thumb Code     0  libshutdown2.o(.ARM.Collect$$libshutdown$$00000002)
    __rt_lib_shutdown_fp_trap_1              0x0000014f   Thumb Code     0  libshutdown2.o(.ARM.Collect$$libshutdown$$00000007)
    __rt_lib_shutdown_heap_1                 0x0000014f   Thumb Code     0  libshutdown2.o(.ARM.Collect$$libshutdown$$0000000F)
    __rt_lib_shutdown_return                 0x0000014f   Thumb Code     0  libshutdown2.o(.ARM.Collect$$libshutdown$$00000010)
    __rt_lib_shutdown_signal_1               0x0000014f   Thumb Code     0  libshutdown2.o(.ARM.Collect$$libshutdown$$0000000A)
    __rt_lib_shutdown_stdio_1                0x0000014f   Thumb Code     0  libshutdown2.o(.ARM.Collect$$libshutdown$$00000004)
    __rt_lib_shutdown_user_alloc_1           0x0000014f   Thumb Code     0  libshutdown2.o(.ARM.Collect$$libshutdown$$0000000C)
    __rt_entry                               0x00000151   Thumb Code     0  __rtentry.o(.ARM.Collect$$rtentry$$00000000)
    __rt_entry_presh_1                       0x00000151   Thumb Code     0  __rtentry2.o(.ARM.Collect$$rtentry$$00000002)
    __rt_entry_sh                            0x00000151   Thumb Code     0  __rtentry4.o(.ARM.Collect$$rtentry$$00000004)
    __rt_entry_li                            0x00000157   Thumb Code     0  __rtentry2.o(.ARM.Collect$$rtentry$$0000000A)
    __rt_entry_postsh_1                      0x00000157   Thumb Code     0  __rtentry2.o(.ARM.Collect$$rtentry$$00000009)
    __rt_entry_main                          0x0000015b   Thumb Code     0  __rtentry2.o(.ARM.Collect$$rtentry$$0000000D)
    __rt_entry_postli_1                      0x0000015b   Thumb Code     0  __rtentry2.o(.ARM.Collect$$rtentry$$0000000C)
    __rt_exit                                0x00000163   Thumb Code     0  rtexit.o(.ARM.Collect$$rtexit$$00000000)
    __rt_exit_ls                             0x00000165   Thumb Code     0  rtexit2.o(.ARM.Collect$$rtexit$$00000003)
    __rt_exit_prels_1                        0x00000165   Thumb Code     0  rtexit2.o(.ARM.Collect$$rtexit$$00000002)
    __rt_exit_exit                           0x00000169   Thumb Code     0  rtexit2.o(.ARM.Collect$$rtexit$$00000004)
    Reset_Handler                            0x00000171   Thumb Code     8  startup_lpc17xx.o(.text)
    _maybe_terminate_alloc                   0x00000171   Thumb Code     0  maybetermalloc1.o(.emb_text)
    NMI_Handler                              0x00000179   Thumb Code     2  startup_lpc17xx.o(.text)
    HardFault_Handler                        0x0000017b   Thumb Code     2  startup_lpc17xx.o(.text)
    MemManage_Handler                        0x0000017d   Thumb Code     2  startup_lpc17xx.o(.text)
    BusFault_Handler                         0x0000017f   Thumb Code     2  startup_lpc17xx.o(.text)
    UsageFault_Handler                       0x00000181   Thumb Code     2  startup_lpc17xx.o(.text)
    SVC_Handler                              0x00000183   Thumb Code     2  startup_lpc17xx.o(.text)
    DebugMon_Handler                         0x00000185   Thumb Code     2  startup_lpc17xx.o(.text)
    PendSV_Handler                           0x00000187   Thumb Code     2  startup_lpc17xx.o(.text)
    SysTick_Handler                          0x00000189   Thumb Code     2  startup_lpc17xx.o(.text)
    ADC_IRQHandler                           0x0000018b   Thumb Code     0  startup_lpc17xx.o(.text)
    BOD_IRQHandler                           0x0000018b   Thumb Code     0  startup_lpc17xx.o(.text)
    CANActivity_IRQHandler                   0x0000018b   Thumb Code     0  startup_lpc17xx.o(.text)
    CAN_IRQHandler                           0x0000018b   Thumb Code     0  startup_lpc17xx.o(.text)
    DMA_IRQHandler                           0x0000018b   Thumb Code     0  startup_lpc17xx.o(.text)
    EINT0_IRQHandler                         0x0000018b   Thumb Code     0  startup_lpc17xx.o(.text)
    EINT1_IRQHandler                         0x0000018b   Thumb Code     0  startup_lpc17xx.o(.text)
    EINT2_IRQHandler                         0x0000018b   Thumb Code     0  startup_lpc17xx.o(.text)
    EINT3_IRQHandler                         0x0000018b   Thumb Code     0  startup_lpc17xx.o(.text)
    ENET_IRQHandler                          0x0000018b   Thumb Code     0  startup_lpc17xx.o(.text)
    I2C0_IRQHandler                          0x0000018b   Thumb Code     0  startup_lpc17xx.o(.text)
    I2C1_IRQHandler                          0x0000018b   Thumb Code     0  startup_lpc17xx.o(.text)
    I2C2_IRQHandler                          0x0000018b   Thumb Code     0  startup_lpc17xx.o(.text)
    I2S_IRQHandler                           0x0000018b   Thumb Code     0  startup_lpc17xx.o(.text)
    MCPWM_IRQHandler                         0x0000018b   Thumb Code     0  startup_lpc17xx.o(.text)
    PLL0_IRQHandler                          0x0000018b   Thumb Code     0  startup_lpc17xx.o(.text)
    PLL1_IRQHandler                          0x0000018b   Thumb Code     0  startup_lpc17xx.o(.text)
    PWM1_IRQHandler                          0x0000018b   Thumb Code     0  startup_lpc17xx.o(.text)
    QEI_IRQHandler                           0x0000018b   Thumb Code     0  startup_lpc17xx.o(.text)
    RIT_IRQHandler                           0x0000018b   Thumb Code     0  startup_lpc17xx.o(.text)
    RTC_IRQHandler                           0x0000018b   Thumb Code     0  startup_lpc17xx.o(.text)
    SPI_IRQHandler                           0x0000018b   Thumb Code     0  startup_lpc17xx.o(.text)
    SSP0_IRQHandler                          0x0000018b   Thumb Code     0  startup_lpc17xx.o(.text)
    SSP1_IRQHandler                          0x0000018b   Thumb Code     0  startup_lpc17xx.o(.text)
    TIMER1_IRQHandler                        0x0000018b   Thumb Code     0  startup_lpc17xx.o(.text)
    TIMER2_IRQHandler                        0x0000018b   Thumb Code     0  startup_lpc17xx.o(.text)
    TIMER3_IRQHandler                        0x0000018b   Thumb Code     0  startup_lpc17xx.o(.text)
    UART0_IRQHandler                         0x0000018b   Thumb Code     0  startup_lpc17xx.o(.text)
    UART1_IRQHandler                         0x0000018b   Thumb Code     0  startup_lpc17xx.o(.text)
    UART2_IRQHandler                         0x0000018b   Thumb Code     0  startup_lpc17xx.o(.text)
    UART3_IRQHandler                         0x0000018b   Thumb Code     0  startup_lpc17xx.o(.text)
    USBActivity_IRQHandler                   0x0000018b   Thumb Code     0  startup_lpc17xx.o(.text)
    USB_IRQHandler                           0x0000018b   Thumb Code     0  startup_lpc17xx.o(.text)
    WDT_IRQHandler                           0x0000018b   Thumb Code     0  startup_lpc17xx.o(.text)
    __user_initial_stackheap                 0x0000018d   Thumb Code     0  startup_lpc17xx.o(.text)
    calloc                                   0x000001b1   Thumb Code    40  calloc.o(.text)
    __use_two_region_memory                  0x000001d9   Thumb Code     2  heapauxi.o(.text)
    __rt_heap_escrow                         0x000001db   Thumb Code     2  heapauxi.o(.text)
    __rt_heap_expand                         0x000001dd   Thumb Code     2  heapauxi.o(.text)
    malloc                                   0x000001df   Thumb Code    94  h1_alloc.o(.text)
    __read_errno                             0x0000023d   Thumb Code    10  _rserrno.o(.text)
    __set_errno                              0x00000247   Thumb Code    12  _rserrno.o(.text)
    __aeabi_memclr                           0x00000253   Thumb Code     0  rt_memclr.o(.text)
    __rt_memclr                              0x00000253   Thumb Code    68  rt_memclr.o(.text)
    _memset                                  0x00000257   Thumb Code     0  rt_memclr.o(.text)
    __rt_heap_descriptor                     0x00000299   Thumb Code     8  rt_heap_descriptor_intlibspace.o(.text)
    __aeabi_errno_addr                       0x000002a1   Thumb Code     8  rt_errno_addr_intlibspace.o(.text)
    __errno$intlibspace                      0x000002a1   Thumb Code     0  rt_errno_addr_intlibspace.o(.text)
    __rt_errno_addr$intlibspace              0x000002a1   Thumb Code     0  rt_errno_addr_intlibspace.o(.text)
    __use_no_heap                            0x000002a9   Thumb Code     2  hguard.o(.text)
    __heap$guard                             0x000002ab   Thumb Code     2  hguard.o(.text)
    __Heap_Initialize                        0x000002ad   Thumb Code    10  h1_init.o(.text)
    __Heap_DescSize                          0x000002b7   Thumb Code     4  h1_init.o(.text)
    __user_libspace                          0x000002bd   Thumb Code     8  libspace.o(.text)
    __user_perproc_libspace                  0x000002bd   Thumb Code     0  libspace.o(.text)
    __user_perthread_libspace                0x000002bd   Thumb Code     0  libspace.o(.text)
    __Heap_ProvideMemory                     0x000002c5   Thumb Code    52  h1_extend.o(.text)
    __I$use$semihosting                      0x000002f9   Thumb Code     0  use_no_semi.o(.text)
    __use_no_semihosting_swi                 0x000002f9   Thumb Code     2  use_no_semi.o(.text)
    __I$use$fp                               0x000002fa   Number         0  usenofp.o(x$fpl$usenofp)
    __semihosting_library_function           0x000002fb   Thumb Code     0  indicate_semi.o(.text)
    _terminate_user_alloc                    0x00000301   Thumb Code     2  init_alloc.o(.text)
    _init_user_alloc                         0x00000303   Thumb Code     2  init_alloc.o(.text)
    __Heap_Full                              0x00000305   Thumb Code    34  init_alloc.o(.text)
    __Heap_Broken                            0x00000327   Thumb Code     6  init_alloc.o(.text)
    _init_alloc                              0x0000032d   Thumb Code    94  init_alloc.o(.text)
    free                                     0x0000038b   Thumb Code    78  h1_free.o(.text)
    __aeabi_memclr4                          0x000003d9   Thumb Code     0  rt_memclr_w.o(.text)
    __aeabi_memclr8                          0x000003d9   Thumb Code     0  rt_memclr_w.o(.text)
    __rt_memclr_w                            0x000003d9   Thumb Code    78  rt_memclr_w.o(.text)
    _memset_w                                0x000003dd   Thumb Code     0  rt_memclr_w.o(.text)
    __user_setup_stackheap                   0x00000427   Thumb Code    74  sys_stackheap_outer.o(.text)
    exit                                     0x00000471   Thumb Code    18  exit.o(.text)
    __rt_SIGRTMEM                            0x00000483   Thumb Code    14  defsig_rtmem_outer.o(.text)
    __sig_exit                               0x00000491   Thumb Code    10  defsig_exit.o(.text)
    __rt_SIGRTMEM_inner                      0x0000049d   Thumb Code    22  defsig_rtmem_inner.o(.text)
    _sys_exit                                0x000004ed   Thumb Code     8  sys_exit.o(.text)
    __default_signal_display                 0x000004f9   Thumb Code    50  defsig_general.o(.text)
    _ttywrch                                 0x0000052b   Thumb Code    14  sys_wrch.o(.text)
    SystemInit                               0x00000539   Thumb Code   196  system_lpc17xx.o(i.SystemInit)
    TIMER0_IRQHandler                        0x00000609   Thumb Code    72  main.o(i.TIMER0_IRQHandler)
    __ARM_fpclassify                         0x00000659   Thumb Code    40  fpclassify.o(i.__ARM_fpclassify)
    __ieee754_rem_pio2                       0x0000069d   Thumb Code   828  rred.o(i.__ieee754_rem_pio2)
    __kernel_cos                             0x00000a25   Thumb Code   230  cos_i.o(i.__kernel_cos)
    __kernel_poly                            0x00000b21   Thumb Code   170  poly.o(i.__kernel_poly)
    __kernel_sin                             0x00000bcd   Thumb Code   224  sin_i.o(i.__kernel_sin)
    __mathlib_dbl_infnan                     0x00000cb9   Thumb Code     6  dunder.o(i.__mathlib_dbl_infnan)
    __mathlib_dbl_invalid                    0x00000cbf   Thumb Code    12  dunder.o(i.__mathlib_dbl_invalid)
    __mathlib_dbl_underflow                  0x00000ccd   Thumb Code    10  dunder.o(i.__mathlib_dbl_underflow)
    clear                                    0x00000cdd   Thumb Code    38  lcd_write.o(i.clear)
    cos                                      0x00000d05   Thumb Code   148  cos.o(i.cos)
    delay_ms                                 0x00000da1   Thumb Code    28  lcd_ili9325.o(i.delay_ms)
    draw_chart                               0x00000dbd   Thumb Code   100  lcd_write.o(i.draw_chart)
    fft                                      0x00000e25   Thumb Code   310  dft.o(i.fft)
    init                                     0x00000f65   Thumb Code    18  init.o(i.init)
    init_ILI9325                             0x00000f77   Thumb Code   470  lcd_ili9325.o(i.init_ILI9325)
    init_adc                                 0x0000114d   Thumb Code    38  init.o(i.init_adc)
    init_lcd                                 0x00001185   Thumb Code    54  init.o(i.init_lcd)
    init_timer                               0x000011c1   Thumb Code    24  init.o(i.init_timer)
    lcdConfiguration                         0x000011d9   Thumb Code    32  open1768_lcd.o(i.lcdConfiguration)
    lcdRead                                  0x000011fd   Thumb Code    56  open1768_lcd.o(i.lcdRead)
    lcdReadData                              0x00001239   Thumb Code    38  open1768_lcd.o(i.lcdReadData)
    lcdReadReg                               0x00001265   Thumb Code    14  open1768_lcd.o(i.lcdReadReg)
    lcdSend                                  0x00001275   Thumb Code    34  open1768_lcd.o(i.lcdSend)
    lcdSetCursor                             0x0000129d   Thumb Code    24  open1768_lcd.o(i.lcdSetCursor)
    lcdWriteData                             0x000012b5   Thumb Code    34  open1768_lcd.o(i.lcdWriteData)
    lcdWriteIndex                            0x000012dd   Thumb Code    44  open1768_lcd.o(i.lcdWriteIndex)
    lcdWriteReg                              0x0000130d   Thumb Code    18  open1768_lcd.o(i.lcdWriteReg)
    lcd_draw_line                            0x0000131f   Thumb Code    44  lcd_write.o(i.lcd_draw_line)
    lcd_draw_rectangle                       0x0000134b   Thumb Code    42  lcd_write.o(i.lcd_draw_rectangle)
    main                                     0x00001375   Thumb Code    74  main.o(i.main)
    sin                                      0x000013c5   Thumb Code   150  sin.o(i.sin)
    sqrt                                     0x00001465   Thumb Code    76  sqrt.o(i.sqrt)
    wait_delay                               0x000014b1   Thumb Code    16  open1768_lcd.o(i.wait_delay)
    __aeabi_d2f                              0x000014c1   Thumb Code     0  d2f.o(x$fpl$d2f)
    _d2f                                     0x000014c1   Thumb Code    98  d2f.o(x$fpl$d2f)
    __aeabi_dadd                             0x00001525   Thumb Code     0  daddsub_clz.o(x$fpl$dadd)
    _dadd                                    0x00001525   Thumb Code   332  daddsub_clz.o(x$fpl$dadd)
    __fpl_dcheck_NaN1                        0x00001675   Thumb Code    10  dcheck1.o(x$fpl$dcheck1)
    __aeabi_ddiv                             0x00001685   Thumb Code     0  ddiv.o(x$fpl$ddiv)
    _ddiv                                    0x00001685   Thumb Code   552  ddiv.o(x$fpl$ddiv)
    __aeabi_d2iz                             0x00001935   Thumb Code     0  dfix.o(x$fpl$dfix)
    _dfix                                    0x00001935   Thumb Code    94  dfix.o(x$fpl$dfix)
    __aeabi_d2uiz                            0x00001995   Thumb Code     0  dfixu.o(x$fpl$dfixu)
    _dfixu                                   0x00001995   Thumb Code    90  dfixu.o(x$fpl$dfixu)
    __aeabi_i2d                              0x000019ef   Thumb Code     0  dflt_clz.o(x$fpl$dflt)
    _dflt                                    0x000019ef   Thumb Code    46  dflt_clz.o(x$fpl$dflt)
    __aeabi_ui2d                             0x00001a1d   Thumb Code     0  dflt_clz.o(x$fpl$dfltu)
    _dfltu                                   0x00001a1d   Thumb Code    38  dflt_clz.o(x$fpl$dfltu)
    __aeabi_dmul                             0x00001a45   Thumb Code     0  dmul.o(x$fpl$dmul)
    _dmul                                    0x00001a45   Thumb Code   332  dmul.o(x$fpl$dmul)
    __fpl_dnaninf                            0x00001b99   Thumb Code   156  dnaninf.o(x$fpl$dnaninf)
    __fpl_dretinf                            0x00001c35   Thumb Code    12  dretinf.o(x$fpl$dretinf)
    __aeabi_drsub                            0x00001c41   Thumb Code     0  daddsub_clz.o(x$fpl$drsb)
    _drsb                                    0x00001c41   Thumb Code    22  daddsub_clz.o(x$fpl$drsb)
    _dsqrt                                   0x00001c59   Thumb Code   456  dsqrt_noumaal.o(x$fpl$dsqrt)
    __aeabi_dsub                             0x00001e25   Thumb Code     0  daddsub_clz.o(x$fpl$dsub)
    _dsub                                    0x00001e25   Thumb Code   464  daddsub_clz.o(x$fpl$dsub)
    __aeabi_f2d                              0x00001ff9   Thumb Code     0  f2d.o(x$fpl$f2d)
    _f2d                                     0x00001ff9   Thumb Code    86  f2d.o(x$fpl$f2d)
    __aeabi_fadd                             0x00002051   Thumb Code     0  faddsub_clz.o(x$fpl$fadd)
    _fadd                                    0x00002051   Thumb Code   196  faddsub_clz.o(x$fpl$fadd)
    __aeabi_ui2f                             0x00002115   Thumb Code     0  fflt_clz.o(x$fpl$ffltu)
    _ffltu                                   0x00002115   Thumb Code    38  fflt_clz.o(x$fpl$ffltu)
    __aeabi_fmul                             0x0000213d   Thumb Code     0  fmul.o(x$fpl$fmul)
    _fmul                                    0x0000213d   Thumb Code   258  fmul.o(x$fpl$fmul)
    __fpl_fnaninf                            0x0000223f   Thumb Code   140  fnaninf.o(x$fpl$fnaninf)
    __fpl_fretinf                            0x000022cb   Thumb Code    10  fretinf.o(x$fpl$fretinf)
    __aeabi_fsub                             0x000022d5   Thumb Code     0  faddsub_clz.o(x$fpl$fsub)
    _fsub                                    0x000022d5   Thumb Code   234  faddsub_clz.o(x$fpl$fsub)
    __fpl_return_NaN                         0x000023bf   Thumb Code   100  retnan.o(x$fpl$retnan)
    __ARM_scalbn                             0x00002423   Thumb Code    92  scalbn.o(x$fpl$scalbn)
    __fpl_cmpreturn                          0x0000247f   Thumb Code    48  trapv.o(x$fpl$trapveneer)
    Region$$Table$$Base                      0x000025d0   Number         0  anon$$obj.o(Region$$Table)
    Region$$Table$$Limit                     0x00002600   Number         0  anon$$obj.o(Region$$Table)
    __libspace_start                         0x2007c00c   Data          96  libspace.o(.bss)
    __temporary_stack_top$libspace           0x2007c06c   Data           0  libspace.o(.bss)



==============================================================================

Memory Map of the image

  Image Entry point : 0x000000cd

  Load Region LR_IROM1 (Base: 0x00000000, Size: 0x0000260c, Max: 0x00080000, ABSOLUTE)

    Execution Region ER_IROM1 (Exec base: 0x00000000, Load base: 0x00000000, Size: 0x00002600, Max: 0x00080000, ABSOLUTE)

    Exec Addr    Load Addr    Size         Type   Attr      Idx    E Section Name        Object

    0x00000000   0x00000000   0x000000cc   Data   RO          748    RESET               startup_lpc17xx.o
    0x000000cc   0x000000cc   0x00000008   Code   RO          832  * !!!main             c_w.l(__main.o)
    0x000000d4   0x000000d4   0x00000034   Code   RO         1250    !!!scatter          c_w.l(__scatter.o)
    0x00000108   0x00000108   0x0000001a   Code   RO         1252    !!handler_copy      c_w.l(__scatter_copy.o)
    0x00000122   0x00000122   0x00000002   PAD
    0x00000124   0x00000124   0x0000001c   Code   RO         1254    !!handler_zi        c_w.l(__scatter_zi.o)
    0x00000140   0x00000140   0x00000002   Code   RO         1166    .ARM.Collect$$libinit$$00000000  c_w.l(libinit.o)
    0x00000142   0x00000142   0x00000000   Code   RO         1069    .ARM.Collect$$libinit$$00000002  c_w.l(libinit2.o)
    0x00000142   0x00000142   0x00000000   Code   RO         1071    .ARM.Collect$$libinit$$00000004  c_w.l(libinit2.o)
    0x00000142   0x00000142   0x00000008   Code   RO         1072    .ARM.Collect$$libinit$$00000005  c_w.l(libinit2.o)
    0x0000014a   0x0000014a   0x00000000   Code   RO         1074    .ARM.Collect$$libinit$$0000000A  c_w.l(libinit2.o)
    0x0000014a   0x0000014a   0x00000000   Code   RO         1076    .ARM.Collect$$libinit$$0000000C  c_w.l(libinit2.o)
    0x0000014a   0x0000014a   0x00000000   Code   RO         1078    .ARM.Collect$$libinit$$0000000E  c_w.l(libinit2.o)
    0x0000014a   0x0000014a   0x00000000   Code   RO         1081    .ARM.Collect$$libinit$$00000011  c_w.l(libinit2.o)
    0x0000014a   0x0000014a   0x00000000   Code   RO         1083    .ARM.Collect$$libinit$$00000013  c_w.l(libinit2.o)
    0x0000014a   0x0000014a   0x00000000   Code   RO         1085    .ARM.Collect$$libinit$$00000015  c_w.l(libinit2.o)
    0x0000014a   0x0000014a   0x00000000   Code   RO         1087    .ARM.Collect$$libinit$$00000017  c_w.l(libinit2.o)
    0x0000014a   0x0000014a   0x00000000   Code   RO         1089    .ARM.Collect$$libinit$$00000019  c_w.l(libinit2.o)
    0x0000014a   0x0000014a   0x00000000   Code   RO         1091    .ARM.Collect$$libinit$$0000001B  c_w.l(libinit2.o)
    0x0000014a   0x0000014a   0x00000000   Code   RO         1093    .ARM.Collect$$libinit$$0000001D  c_w.l(libinit2.o)
    0x0000014a   0x0000014a   0x00000000   Code   RO         1095    .ARM.Collect$$libinit$$0000001F  c_w.l(libinit2.o)
    0x0000014a   0x0000014a   0x00000000   Code   RO         1097    .ARM.Collect$$libinit$$00000021  c_w.l(libinit2.o)
    0x0000014a   0x0000014a   0x00000000   Code   RO         1099    .ARM.Collect$$libinit$$00000023  c_w.l(libinit2.o)
    0x0000014a   0x0000014a   0x00000000   Code   RO         1101    .ARM.Collect$$libinit$$00000025  c_w.l(libinit2.o)
    0x0000014a   0x0000014a   0x00000000   Code   RO         1105    .ARM.Collect$$libinit$$0000002C  c_w.l(libinit2.o)
    0x0000014a   0x0000014a   0x00000000   Code   RO         1107    .ARM.Collect$$libinit$$0000002E  c_w.l(libinit2.o)
    0x0000014a   0x0000014a   0x00000000   Code   RO         1109    .ARM.Collect$$libinit$$00000030  c_w.l(libinit2.o)
    0x0000014a   0x0000014a   0x00000000   Code   RO         1111    .ARM.Collect$$libinit$$00000032  c_w.l(libinit2.o)
    0x0000014a   0x0000014a   0x00000002   Code   RO         1112    .ARM.Collect$$libinit$$00000033  c_w.l(libinit2.o)
    0x0000014c   0x0000014c   0x00000002   Code   RO         1233    .ARM.Collect$$libshutdown$$00000000  c_w.l(libshutdown.o)
    0x0000014e   0x0000014e   0x00000000   Code   RO         1210    .ARM.Collect$$libshutdown$$00000002  c_w.l(libshutdown2.o)
    0x0000014e   0x0000014e   0x00000000   Code   RO         1212    .ARM.Collect$$libshutdown$$00000004  c_w.l(libshutdown2.o)
    0x0000014e   0x0000014e   0x00000000   Code   RO         1215    .ARM.Collect$$libshutdown$$00000007  c_w.l(libshutdown2.o)
    0x0000014e   0x0000014e   0x00000000   Code   RO         1218    .ARM.Collect$$libshutdown$$0000000A  c_w.l(libshutdown2.o)
    0x0000014e   0x0000014e   0x00000000   Code   RO         1220    .ARM.Collect$$libshutdown$$0000000C  c_w.l(libshutdown2.o)
    0x0000014e   0x0000014e   0x00000000   Code   RO         1223    .ARM.Collect$$libshutdown$$0000000F  c_w.l(libshutdown2.o)
    0x0000014e   0x0000014e   0x00000002   Code   RO         1224    .ARM.Collect$$libshutdown$$00000010  c_w.l(libshutdown2.o)
    0x00000150   0x00000150   0x00000000   Code   RO          892    .ARM.Collect$$rtentry$$00000000  c_w.l(__rtentry.o)
    0x00000150   0x00000150   0x00000000   Code   RO         1010    .ARM.Collect$$rtentry$$00000002  c_w.l(__rtentry2.o)
    0x00000150   0x00000150   0x00000006   Code   RO         1022    .ARM.Collect$$rtentry$$00000004  c_w.l(__rtentry4.o)
    0x00000156   0x00000156   0x00000000   Code   RO         1012    .ARM.Collect$$rtentry$$00000009  c_w.l(__rtentry2.o)
    0x00000156   0x00000156   0x00000004   Code   RO         1013    .ARM.Collect$$rtentry$$0000000A  c_w.l(__rtentry2.o)
    0x0000015a   0x0000015a   0x00000000   Code   RO         1015    .ARM.Collect$$rtentry$$0000000C  c_w.l(__rtentry2.o)
    0x0000015a   0x0000015a   0x00000008   Code   RO         1016    .ARM.Collect$$rtentry$$0000000D  c_w.l(__rtentry2.o)
    0x00000162   0x00000162   0x00000002   Code   RO         1174    .ARM.Collect$$rtexit$$00000000  c_w.l(rtexit.o)
    0x00000164   0x00000164   0x00000000   Code   RO         1195    .ARM.Collect$$rtexit$$00000002  c_w.l(rtexit2.o)
    0x00000164   0x00000164   0x00000004   Code   RO         1196    .ARM.Collect$$rtexit$$00000003  c_w.l(rtexit2.o)
    0x00000168   0x00000168   0x00000006   Code   RO         1197    .ARM.Collect$$rtexit$$00000004  c_w.l(rtexit2.o)
    0x0000016e   0x0000016e   0x00000002   PAD
    0x00000170   0x00000170   0x00000000   Code   RO         1140    .emb_text           c_w.l(maybetermalloc1.o)
    0x00000170   0x00000170   0x00000040   Code   RO          750    .text               startup_lpc17xx.o
    0x000001b0   0x000001b0   0x00000028   Code   RO          794    .text               c_w.l(calloc.o)
    0x000001d8   0x000001d8   0x00000006   Code   RO          830    .text               c_w.l(heapauxi.o)
    0x000001de   0x000001de   0x0000005e   Code   RO          899    .text               c_w.l(h1_alloc.o)
    0x0000023c   0x0000023c   0x00000016   Code   RO          953    .text               c_w.l(_rserrno.o)
    0x00000252   0x00000252   0x00000044   Code   RO          964    .text               c_w.l(rt_memclr.o)
    0x00000296   0x00000296   0x00000002   PAD
    0x00000298   0x00000298   0x00000008   Code   RO         1029    .text               c_w.l(rt_heap_descriptor_intlibspace.o)
    0x000002a0   0x000002a0   0x00000008   Code   RO         1034    .text               c_w.l(rt_errno_addr_intlibspace.o)
    0x000002a8   0x000002a8   0x00000004   Code   RO         1036    .text               c_w.l(hguard.o)
    0x000002ac   0x000002ac   0x0000000e   Code   RO         1044    .text               c_w.l(h1_init.o)
    0x000002ba   0x000002ba   0x00000002   PAD
    0x000002bc   0x000002bc   0x00000008   Code   RO         1133    .text               c_w.l(libspace.o)
    0x000002c4   0x000002c4   0x00000034   Code   RO         1142    .text               c_w.l(h1_extend.o)
    0x000002f8   0x000002f8   0x00000002   Code   RO         1171    .text               c_w.l(use_no_semi.o)
    0x000002fa   0x000002fa   0x00000000   Code   RO         1173    .text               c_w.l(indicate_semi.o)
    0x000002fa   0x000002fa   0x00000000   Code   RO          978    x$fpl$usenofp       fz_ws.l(usenofp.o)
    0x000002fa   0x000002fa   0x00000002   PAD
    0x000002fc   0x000002fc   0x00000004   Code   RO          749    .ARM.__at_0x02FC    startup_lpc17xx.o
    0x00000300   0x00000300   0x0000008a   Code   RO         1038    .text               c_w.l(init_alloc.o)
    0x0000038a   0x0000038a   0x0000004e   Code   RO         1046    .text               c_w.l(h1_free.o)
    0x000003d8   0x000003d8   0x0000004e   Code   RO         1064    .text               c_w.l(rt_memclr_w.o)
    0x00000426   0x00000426   0x0000004a   Code   RO         1136    .text               c_w.l(sys_stackheap_outer.o)
    0x00000470   0x00000470   0x00000012   Code   RO         1146    .text               c_w.l(exit.o)
    0x00000482   0x00000482   0x0000000e   Code   RO         1152    .text               c_w.l(defsig_rtmem_outer.o)
    0x00000490   0x00000490   0x0000000a   Code   RO         1180    .text               c_w.l(defsig_exit.o)
    0x0000049a   0x0000049a   0x00000002   PAD
    0x0000049c   0x0000049c   0x00000050   Code   RO         1184    .text               c_w.l(defsig_rtmem_inner.o)
    0x000004ec   0x000004ec   0x0000000c   Code   RO         1192    .text               c_w.l(sys_exit.o)
    0x000004f8   0x000004f8   0x00000032   Code   RO         1207    .text               c_w.l(defsig_general.o)
    0x0000052a   0x0000052a   0x0000000e   Code   RO         1227    .text               c_w.l(sys_wrch.o)
    0x00000538   0x00000538   0x000000d0   Code   RO          760    i.SystemInit        system_lpc17xx.o
    0x00000608   0x00000608   0x00000050   Code   RO            5    i.TIMER0_IRQHandler  main.o
    0x00000658   0x00000658   0x00000028   Code   RO         1127    i.__ARM_fpclassify  m_ws.l(fpclassify.o)
    0x00000680   0x00000680   0x0000001a   Code   RO          447    i.__NVIC_EnableIRQ  init.o
    0x0000069a   0x0000069a   0x00000002   PAD
    0x0000069c   0x0000069c   0x00000388   Code   RO          996    i.__ieee754_rem_pio2  m_ws.l(rred.o)
    0x00000a24   0x00000a24   0x000000fc   Code   RO          979    i.__kernel_cos      m_ws.l(cos_i.o)
    0x00000b20   0x00000b20   0x000000aa   Code   RO         1129    i.__kernel_poly     m_ws.l(poly.o)
    0x00000bca   0x00000bca   0x00000002   PAD
    0x00000bcc   0x00000bcc   0x000000ec   Code   RO         1001    i.__kernel_sin      m_ws.l(sin_i.o)
    0x00000cb8   0x00000cb8   0x00000006   Code   RO          983    i.__mathlib_dbl_infnan  m_ws.l(dunder.o)
    0x00000cbe   0x00000cbe   0x0000000c   Code   RO          985    i.__mathlib_dbl_invalid  m_ws.l(dunder.o)
    0x00000cca   0x00000cca   0x00000002   PAD
    0x00000ccc   0x00000ccc   0x00000010   Code   RO          988    i.__mathlib_dbl_underflow  m_ws.l(dunder.o)
    0x00000cdc   0x00000cdc   0x00000026   Code   RO          329    i.clear             lcd_write.o
    0x00000d02   0x00000d02   0x00000002   PAD
    0x00000d04   0x00000d04   0x0000009c   Code   RO          869    i.cos               m_ws.l(cos.o)
    0x00000da0   0x00000da0   0x0000001c   Code   RO          201    i.delay_ms          lcd_ili9325.o
    0x00000dbc   0x00000dbc   0x00000068   Code   RO          330    i.draw_chart        lcd_write.o
    0x00000e24   0x00000e24   0x00000140   Code   RO          416    i.fft               dft.o
    0x00000f64   0x00000f64   0x00000012   Code   RO          448    i.init              init.o
    0x00000f76   0x00000f76   0x000001d6   Code   RO          202    i.init_ILI9325      lcd_ili9325.o
    0x0000114c   0x0000114c   0x00000038   Code   RO          449    i.init_adc          init.o
    0x00001184   0x00001184   0x0000003c   Code   RO          450    i.init_lcd          init.o
    0x000011c0   0x000011c0   0x00000018   Code   RO          451    i.init_timer        init.o
    0x000011d8   0x000011d8   0x00000024   Code   RO          121    i.lcdConfiguration  open1768_lcd.o
    0x000011fc   0x000011fc   0x0000003c   Code   RO          122    i.lcdRead           open1768_lcd.o
    0x00001238   0x00001238   0x0000002c   Code   RO          123    i.lcdReadData       open1768_lcd.o
    0x00001264   0x00001264   0x0000000e   Code   RO          124    i.lcdReadReg        open1768_lcd.o
    0x00001272   0x00001272   0x00000002   PAD
    0x00001274   0x00001274   0x00000028   Code   RO          125    i.lcdSend           open1768_lcd.o
    0x0000129c   0x0000129c   0x00000018   Code   RO          126    i.lcdSetCursor      open1768_lcd.o
    0x000012b4   0x000012b4   0x00000028   Code   RO          127    i.lcdWriteData      open1768_lcd.o
    0x000012dc   0x000012dc   0x00000030   Code   RO          128    i.lcdWriteIndex     open1768_lcd.o
    0x0000130c   0x0000130c   0x00000012   Code   RO          129    i.lcdWriteReg       open1768_lcd.o
    0x0000131e   0x0000131e   0x0000002c   Code   RO          331    i.lcd_draw_line     lcd_write.o
    0x0000134a   0x0000134a   0x0000002a   Code   RO          332    i.lcd_draw_rectangle  lcd_write.o
    0x00001374   0x00001374   0x00000050   Code   RO            8    i.main              main.o
    0x000013c4   0x000013c4   0x000000a0   Code   RO          877    i.sin               m_ws.l(sin.o)
    0x00001464   0x00001464   0x0000004c   Code   RO          885    i.sqrt              m_ws.l(sqrt.o)
    0x000014b0   0x000014b0   0x00000010   Code   RO          186    i.wait_delay        open1768_lcd.o
    0x000014c0   0x000014c0   0x00000062   Code   RO          834    x$fpl$d2f           fz_ws.l(d2f.o)
    0x00001522   0x00001522   0x00000002   PAD
    0x00001524   0x00001524   0x00000150   Code   RO         1113    x$fpl$dadd          fz_ws.l(daddsub_clz.o)
    0x00001674   0x00001674   0x00000010   Code   RO         1167    x$fpl$dcheck1       fz_ws.l(dcheck1.o)
    0x00001684   0x00001684   0x000002b0   Code   RO          837    x$fpl$ddiv          fz_ws.l(ddiv.o)
    0x00001934   0x00001934   0x0000005e   Code   RO         1121    x$fpl$dfix          fz_ws.l(dfix.o)
    0x00001992   0x00001992   0x00000002   PAD
    0x00001994   0x00001994   0x0000005a   Code   RO          840    x$fpl$dfixu         fz_ws.l(dfixu.o)
    0x000019ee   0x000019ee   0x0000002e   Code   RO          845    x$fpl$dflt          fz_ws.l(dflt_clz.o)
    0x00001a1c   0x00001a1c   0x00000026   Code   RO          844    x$fpl$dfltu         fz_ws.l(dflt_clz.o)
    0x00001a42   0x00001a42   0x00000002   PAD
    0x00001a44   0x00001a44   0x00000154   Code   RO          850    x$fpl$dmul          fz_ws.l(dmul.o)
    0x00001b98   0x00001b98   0x0000009c   Code   RO          968    x$fpl$dnaninf       fz_ws.l(dnaninf.o)
    0x00001c34   0x00001c34   0x0000000c   Code   RO          970    x$fpl$dretinf       fz_ws.l(dretinf.o)
    0x00001c40   0x00001c40   0x00000016   Code   RO         1114    x$fpl$drsb          fz_ws.l(daddsub_clz.o)
    0x00001c56   0x00001c56   0x00000002   PAD
    0x00001c58   0x00001c58   0x000001cc   Code   RO          972    x$fpl$dsqrt         fz_ws.l(dsqrt_noumaal.o)
    0x00001e24   0x00001e24   0x000001d4   Code   RO         1115    x$fpl$dsub          fz_ws.l(daddsub_clz.o)
    0x00001ff8   0x00001ff8   0x00000056   Code   RO          852    x$fpl$f2d           fz_ws.l(f2d.o)
    0x0000204e   0x0000204e   0x00000002   PAD
    0x00002050   0x00002050   0x000000c4   Code   RO          854    x$fpl$fadd          fz_ws.l(faddsub_clz.o)
    0x00002114   0x00002114   0x00000026   Code   RO          860    x$fpl$ffltu         fz_ws.l(fflt_clz.o)
    0x0000213a   0x0000213a   0x00000002   PAD
    0x0000213c   0x0000213c   0x00000102   Code   RO          866    x$fpl$fmul          fz_ws.l(fmul.o)
    0x0000223e   0x0000223e   0x0000008c   Code   RO          974    x$fpl$fnaninf       fz_ws.l(fnaninf.o)
    0x000022ca   0x000022ca   0x0000000a   Code   RO          976    x$fpl$fretinf       fz_ws.l(fretinf.o)
    0x000022d4   0x000022d4   0x000000ea   Code   RO          856    x$fpl$fsub          fz_ws.l(faddsub_clz.o)
    0x000023be   0x000023be   0x00000064   Code   RO         1190    x$fpl$retnan        fz_ws.l(retnan.o)
    0x00002422   0x00002422   0x0000005c   Code   RO         1125    x$fpl$scalbn        fz_ws.l(scalbn.o)
    0x0000247e   0x0000247e   0x00000030   Code   RO         1225    x$fpl$trapveneer    fz_ws.l(trapv.o)
    0x000024ae   0x000024ae   0x00000002   PAD
    0x000024b0   0x000024b0   0x00000030   Data   RO          980    .constdata          m_ws.l(cos_i.o)
    0x000024e0   0x000024e0   0x000000c8   Data   RO          998    .constdata          m_ws.l(rred.o)
    0x000025a8   0x000025a8   0x00000028   Data   RO         1002    .constdata          m_ws.l(sin_i.o)
    0x000025d0   0x000025d0   0x00000030   Data   RO         1248    Region$$Table       anon$$obj.o


    Execution Region RW_IRAM1 (Exec base: 0x10000000, Load base: 0x00002600, Size: 0x00008000, Max: 0x00008000, ABSOLUTE)

    Exec Addr    Load Addr    Size         Type   Attr      Idx    E Section Name        Object

    0x10000000        -       0x00008000   Zero   RW          747    HEAP                startup_lpc17xx.o


    Execution Region RW_IRAM2 (Exec base: 0x2007c000, Load base: 0x00002600, Size: 0x00000270, Max: 0x00008000, ABSOLUTE)

    Exec Addr    Load Addr    Size         Type   Attr      Idx    E Section Name        Object

    0x2007c000   0x00002600   0x0000000c   Data   RW           10    .data               main.o
    0x2007c00c        -       0x00000060   Zero   RW         1134    .bss                c_w.l(libspace.o)
    0x2007c06c   0x0000260c   0x00000004   PAD
    0x2007c070        -       0x00000200   Zero   RW          746    STACK               startup_lpc17xx.o


==============================================================================

Image component sizes


      Code (inc. data)   RO Data    RW Data    ZI Data      Debug   Object Name

       320         10          0          0          0       1374   dft.o
       184         24          0          0          0      29321   init.o
       498          0          0          0          0       1518   lcd_ili9325.o
       228          4          0          0          0       3552   lcd_write.o
       160         14          0         12          0      23420   main.o
       340         30          0          0          0       5431   open1768_lcd.o
        68         30        204          0      33280        996   startup_lpc17xx.o
       208         12          0          0          0        601   system_lpc17xx.o

    ----------------------------------------------------------------------
      2012        124        252         12      33280      66213   Object Totals
         0          0         48          0          0          0   (incl. Generated)
         6          0          0          0          0          0   (incl. Padding)

    ----------------------------------------------------------------------

      Code (inc. data)   RO Data    RW Data    ZI Data      Debug   Library Member Name

         8          0          0          0          0         68   __main.o
         0          0          0          0          0          0   __rtentry.o
        12          0          0          0          0          0   __rtentry2.o
         6          0          0          0          0          0   __rtentry4.o
        52          8          0          0          0          0   __scatter.o
        26          0          0          0          0          0   __scatter_copy.o
        28          0          0          0          0          0   __scatter_zi.o
        22          0          0          0          0        100   _rserrno.o
        40          0          0          0          0         80   calloc.o
        10          0          0          0          0         68   defsig_exit.o
        50          0          0          0          0         88   defsig_general.o
        80         58          0          0          0         76   defsig_rtmem_inner.o
        14          0          0          0          0         80   defsig_rtmem_outer.o
        18          0          0          0          0         80   exit.o
        94          0          0          0          0         80   h1_alloc.o
        52          0          0          0          0         68   h1_extend.o
        78          0          0          0          0         80   h1_free.o
        14          0          0          0          0         84   h1_init.o
         6          0          0          0          0        152   heapauxi.o
         4          0          0          0          0        136   hguard.o
         0          0          0          0          0          0   indicate_semi.o
       138          0          0          0          0        168   init_alloc.o
         2          0          0          0          0          0   libinit.o
        10          0          0          0          0          0   libinit2.o
         2          0          0          0          0          0   libshutdown.o
         2          0          0          0          0          0   libshutdown2.o
         8          4          0          0         96         68   libspace.o
         0          0          0          0          0          0   maybetermalloc1.o
         8          4          0          0          0         68   rt_errno_addr_intlibspace.o
         8          4          0          0          0         68   rt_heap_descriptor_intlibspace.o
        68          0          0          0          0         68   rt_memclr.o
        78          0          0          0          0         80   rt_memclr_w.o
         2          0          0          0          0          0   rtexit.o
        10          0          0          0          0          0   rtexit2.o
        12          4          0          0          0         68   sys_exit.o
        74          0          0          0          0         80   sys_stackheap_outer.o
        14          0          0          0          0         76   sys_wrch.o
         2          0          0          0          0         68   use_no_semi.o
        98          4          0          0          0         92   d2f.o
       826         16          0          0          0        348   daddsub_clz.o
        16          4          0          0          0         68   dcheck1.o
       688        140          0          0          0        208   ddiv.o
        94          4          0          0          0         92   dfix.o
        90          4          0          0          0         92   dfixu.o
        84          0          0          0          0        136   dflt_clz.o
       340         12          0          0          0        104   dmul.o
       156          4          0          0          0         92   dnaninf.o
        12          0          0          0          0         68   dretinf.o
       460         56          0          0          0        120   dsqrt_noumaal.o
        86          4          0          0          0         84   f2d.o
       430          8          0          0          0        168   faddsub_clz.o
        38          0          0          0          0         68   fflt_clz.o
       258          4          0          0          0         84   fmul.o
       140          4          0          0          0         84   fnaninf.o
        10          0          0          0          0         68   fretinf.o
       100          0          0          0          0         68   retnan.o
        92          0          0          0          0         68   scalbn.o
        48          0          0          0          0         68   trapv.o
         0          0          0          0          0          0   usenofp.o
       156          8          0          0          0        104   cos.o
       252         22         48          0          0        124   cos_i.o
        34          6          0          0          0        204   dunder.o
        40          0          0          0          0         68   fpclassify.o
       170          0          0          0          0         96   poly.o
       904         76        200          0          0        140   rred.o
       160         10          0          0          0        108   sin.o
       236         12         40          0          0        128   sin_i.o
        76          0          0          0          0         84   sqrt.o

    ----------------------------------------------------------------------
      7176        480        288          0        100       5288   Library Totals
        30          0          0          0          4          0   (incl. Padding)

    ----------------------------------------------------------------------

      Code (inc. data)   RO Data    RW Data    ZI Data      Debug   Library Name

      1052         82          0          0         96       2052   c_w.l
      4066        264          0          0          0       2180   fz_ws.l
      2028        134        288          0          0       1056   m_ws.l

    ----------------------------------------------------------------------
      7176        480        288          0        100       5288   Library Totals

    ----------------------------------------------------------------------

==============================================================================


      Code (inc. data)   RO Data    RW Data    ZI Data      Debug   

      9188        604        540         12      33380      67493   Grand Totals
      9188        604        540         12      33380      67493   ELF Image Totals
      9188        604        540         12          0          0   ROM Totals

==============================================================================

    Total RO  Size (Code + RO Data)                 9728 (   9.50kB)
    Total RW  Size (RW Data + ZI Data)             33392 (  32.61kB)
    Total ROM Size (Code + RO Data + RW Data)       9740 (   9.51kB)

==============================================================================

